[sites.google.com/site/wastalinux/index.html]
[backblue.gif]
[fade.gif]
[index.html]
[sites.google.com/site/wastalinux/_/tz.17.delayed]
[sites.google.com/site/wastalinux/index.html]
[sites.google.com/site/wastalinux/_/rsrc/1472855319625/config/customLogoc7fe.png]
[ssl.gstatic.com/sites/p/470f76/system/app/css/codemirror_css.css]
[ssl.gstatic.com/sites/p/470f76/system/app/css/trogedit.css]
[sites.google.com/site/wastalinux/home/download.html]
[sites.google.com/site/wastalinux/_/rsrc/1535010250000/system/app/css/editor.css]
[sites.google.com/site/wastalinux/home/about.html]
[ssl.gstatic.com/sites/p/470f76/system/app/css/codeeditor.css]
[sites.google.com/site/wastalinux/home/ubuntumigration.html]
[ssl.gstatic.com/sites/p/470f76/system/app/themes/ski/standard-css-ski-ltr-ltr.css]
[sites.google.com/site/wastalinux/home/customizing.html]
[sites.google.com/site/wastalinux/_/rsrc/1535010250000/system/app/css/overlayf742.css]
[sites.google.com/site/wastalinux/wasta-applications/wasta-backup.html]
[sites.google.com/site/wastalinux/_/rsrc/1535010250000/system/app/css/camelot/allthemes-view.css]
[sites.google.com/site/wastalinux/wasta-applications/wasta-layout.html]
[sites.google.com/site/wastalinux/home/about.html]
[sites.google.com/site/wastalinux/wasta-applications/wasta-offline.html]
[sites.google.com/site/wastalinux/home/download.html]
[sites.google.com/site/wastalinux/wasta-applications.html]
[sites.google.com/site/wastalinux/home/ubuntumigration.html]
[sites.google.com/site/wastalinux/wasta-applications/wasta-resources.html]
[sites.google.com/site/wastalinux/home/customizing.html]
[sites.google.com/site/wastalinux/tutorials.html]
[sites.google.com/site/wastalinux/wasta-applications/wasta-menus.html]
[sites.google.com/site/wastalinux/wasta-applications.html]
[sites.google.com/site/wastalinux/_/rsrc/1472855323733/home/wasta-linux-round-128.png]
[sites.google.com/site/wastalinux/_/rsrc/1526040383646/home/Wasta-18-04-Screenshot-800.png]
[sites.google.com/site/wastalinux/system/app/pages/reportAbuse.html]
[sites.google.com/site/wastalinux/why-linux.html]
[sites.google.com/site/wastalinux/wasta-applications/wasta-backup/wasta-backup-16-04-700.246fb5.delayed]
[sites.google.com/site/wastalinux/_/rsrc/1535010250000/system/app/images/toolbar-check.gif]
[sites.google.com/site/wastalinux/_/rsrc/1535010250000/system/app/images/icon-help-kennedy.png]
[sites.google.com/site/wastalinux/wasta-applications/wasta-backup.html]
[sites.google.com/site/wastalinux/_/rsrc/1472855324710/config/website-background.jpg.1416391307282.jpg]
[sites.google.com/site/wastalinux/_/rsrc/1535010250000/system/app/images/camelot.png]
[sites.google.com/site/wastalinux/wasta-applications/wasta-offline/wasta-offline-setup-16-04.276fb5.delayed]
[sites.google.com/site/wastalinux/home/create-bootable-usb.html]
[sites.google.com/site/wastalinux/home.html]
[sites.google.com/site/wastalinux/tutorials/inplace-upgrade.html]
[sites.google.com/site/wastalinux/home/virtualbox-installation.html]
[sites.google.com/site/wastalinux/wasta-applications/wasta-offline/wasta-offline-16-04.296fb5.delayed]
[sites.google.com/site/wastalinux/_/rsrc/1462841141152/home/ubuntumigration/ubu-2-wasta.png]
[sites.google.com/site/wastalinux/home/customizing/wasta-remastersys.html]
[sites.google.com/site/wastalinux/home/customizing/maintain-package.html]
[sites.google.com/site/wastalinux/_/rsrc/1472855338994/wasta-applications/wasta-backup/wasta-backup-128.png]
[sites.google.com/site/wastalinux/wasta-applications/wasta-offline/wasta-offline-ready-16-04.2b6fb5.delayed]
[sites.google.com/site/wastalinux/wasta-applications/wasta-offline.html]
[sites.google.com/site/wastalinux/_/rsrc/1461069051795/wasta-applications/wasta-backup/wasta-backup-16-04-700.png]
[sites.google.com/site/wastalinux/_/rsrc/1472855338498/wasta-applications/wasta-offline/wasta-offline-128.png]
[sites.google.com/site/wastalinux/_/rsrc/1461070222202/wasta-applications/wasta-offline/wasta-offline-setup-16-04beb8.png]
[sites.google.com/site/wastalinux/_/rsrc/1461070033184/wasta-applications/wasta-offline/wasta-offline-16-0437cb.png]
[sites.google.com/site/wastalinux/_/rsrc/1461070087656/wasta-applications/wasta-offline/wasta-offline-ready-16-047739.png]
[sites.google.com/site/wastalinux/wasta-applications/wasta-layout/wasta-layout.2e6fb5.delayed]
[sites.google.com/site/wastalinux/_/rsrc/1515761901881/wasta-applications/wasta-layout/wasta-layout2734.png]
[sites.google.com/site/wastalinux/wasta-applications/wasta-layout/default-1.resized.306fb5.delayed]
[sites.google.com/site/wastalinux/_/rsrc/1515761885447/wasta-applications/wasta-layout/default-1.resized.png]
[sites.google.com/site/wastalinux/wasta-applications/wasta-layout/default.resized.326fb5.delayed]
[sites.google.com/site/wastalinux/wasta-applications/wasta-layout/redmond7.resized.346fb5.delayed]
[sites.google.com/site/wastalinux/_/rsrc/1515761881699/wasta-applications/wasta-layout/default.resized.png]
[sites.google.com/site/wastalinux/wasta-applications/wasta-layout/cupertino.resized.366fb5.delayed]
[sites.google.com/site/wastalinux/_/rsrc/1515761889816/wasta-applications/wasta-layout/redmond7.resized.png]
[sites.google.com/site/wastalinux/wasta-applications/wasta-layout/unity-1.resized.386fb5.delayed]
[sites.google.com/site/wastalinux/_/rsrc/1515761877067/wasta-applications/wasta-layout/cupertino.resized.png]
[sites.google.com/site/wastalinux/wasta-applications/wasta-layout/unity-2.resized.3a6fb5.delayed]
[sites.google.com/site/wastalinux/wasta-applications/wasta-layout.html]
[sites.google.com/site/wastalinux/_/rsrc/1515761893774/wasta-applications/wasta-layout/unity-1.resized.png]
[sites.google.com/site/wastalinux/_/rsrc/1515761898019/wasta-applications/wasta-layout/unity-2.resized.png]
[sites.google.com/site/wastalinux/wasta-applications/wasta-menus/wasta-menus-1.3d6fb5.delayed]
[sites.google.com/site/wastalinux/_/rsrc/1462107701763/wasta-applications/wasta-menus/wasta-menus-128.png]
[sites.google.com/site/wastalinux/_/rsrc/1462107167558/wasta-applications/wasta-menus/wasta-menus-1ce9f.png]
[sites.google.com/site/wastalinux/wasta-applications/wasta-menus/wasta-menus2.3f6fb5.delayed]
[sites.google.com/site/wastalinux/wasta-applications/wasta-menus.html]
[sites.google.com/site/wastalinux/_/rsrc/1462107195286/wasta-applications/wasta-menus/wasta-menus2aa87.png]
[sites.google.com/site/wastalinux/wasta-applications/wasta-resources.html]
[sites.google.com/site/wastalinux/tutorials.html]
[sites.google.com/site/wastalinux/_/rsrc/1472855337346/wasta-applications/wasta-resources/wasta-resources-128.png]
[sites.google.com/site/wastalinux/why-linux.html]
[sites.google.com/site/wastalinux/system/app/pages/reportAbuse.html]
[sites.google.com/site/wastalinux/_/tz.html]
[sites.google.com/site/wastalinux/tutorials/tutorial-guidelines.html]
[sites.google.com/site/wastalinux/home.html]
[sites.google.com/site/wastalinux/tutorials/language-worker.html]
[sites.google.com/site/wastalinux/tutorials/technician.html]
[sites.google.com/site/wastalinux/tutorials/advisor.html]
[sites.google.com/site/wastalinux/home/Rufus-1.486fb5.delayed]
[sites.google.com/site/wastalinux/_/rsrc/1472855319526/home/Rufus-1.jpg]
[sites.google.com/site/wastalinux/home/Rufus-2.4a6fb5.delayed]
[sites.google.com/site/wastalinux/_/rsrc/1472855319922/home/Rufus-2.jpg]
[sites.google.com/site/wastalinux/home/wasta-linux-boot.4c6fb5.delayed]
[sites.google.com/site/wastalinux/home/create-bootable-usb.html]
[sites.google.com/site/wastalinux/tutorials/inplace-upgrade.html]
[sites.google.com/site/wastalinux/_/rsrc/1472855322803/home/wasta-linux-boot.png]
[sites.google.com/site/wastalinux/_/rsrc/1500567305483/tutorials/inplace-upgrade/InPlace-1.resized.png]
[sites.google.com/site/wastalinux/_/rsrc/1500567308827/tutorials/inplace-upgrade/InPlace-2.resized.png]
[sites.google.com/site/wastalinux/home/vb3Dsettings.536fb5.delayed]
[sites.google.com/site/wastalinux/_/rsrc/1500566299767/tutorials/inplace-upgrade/InPlace-3.png]
[sites.google.com/site/wastalinux/_/rsrc/1500567315522/tutorials/inplace-upgrade/InPlace-5.resized.png]
[sites.google.com/site/wastalinux/_/rsrc/1500567312526/tutorials/inplace-upgrade/InPlace-4.resized.png]
[sites.google.com/site/wastalinux/home/virtualbox-installation.html]
[sites.google.com/site/wastalinux/home/customizing/wasta-remastersys.html]
[sites.google.com/site/wastalinux/_/rsrc/1472855323911/home/vb3Dsettings.png]
[sites.google.com/site/wastalinux/home/customizing/maintain-package/ssh11.566fb5.delayed]
[sites.google.com/site/wastalinux/home/customizing/maintain-package.html]
[sites.google.com/site/wastalinux/_/rsrc/1472855339482/home/customizing/maintain-package/ssh1160ac.png]
[sites.google.com/site/wastalinux/home/wasta-linux-round-1286fb5.png]
[sites.google.com/site/wastalinux/home/customizing/github-setup.html]
[sites.google.com/site/wastalinux/home/customizing/launchpad-setup.html]
[sites.google.com/site/wastalinux/tutorials/tutorial-guidelines/shutter-main.596fb5.delayed]
[sites.google.com/site/wastalinux/_/rsrc/1509541910160/tutorials/tutorial-guidelines/shutter-main91b6.png]
[sites.google.com/site/wastalinux/tutorials/tutorial-guidelines/shutter-edit.5b6fb5.delayed]
[sites.google.com/site/wastalinux/tutorials/tutorial-guidelines/shutter-plugin.5d6fb5.delayed]
[sites.google.com/site/wastalinux/_/rsrc/1509541905956/tutorials/tutorial-guidelines/shutter-edit0446.png]
[sites.google.com/site/wastalinux/_/rsrc/1509541914723/tutorials/tutorial-guidelines/shutter-plugin3b38.png]
[sites.google.com/site/wastalinux/tutorials/tutorial-guidelines/shutter-shadow.606fb5.delayed]
[sites.google.com/site/wastalinux/tutorials/tutorial-guidelines/shutter-shadow-save.626fb5.delayed]
[sites.google.com/site/wastalinux/_/rsrc/1509541921088/tutorials/tutorial-guidelines/shutter-shadow57cb.png]
[sites.google.com/site/wastalinux/tutorials/tutorial-guidelines/shutter-shadow-end.646fb5.delayed]
[sites.google.com/site/wastalinux/_/rsrc/1509542926375/tutorials/tutorial-guidelines/shutter-shadow-save23f9.png]
[sites.google.com/site/wastalinux/_/rsrc/1509541925422/tutorials/tutorial-guidelines/shutter-shadow-end3b38.png]
[sites.google.com/site/wastalinux/tutorials/tutorial-guidelines/shutter-lo-shadow.666fb5.delayed]
[sites.google.com/site/wastalinux/tutorials/tutorial-guidelines.html]
[sites.google.com/site/wastalinux/_/rsrc/1509543931169/tutorials/tutorial-guidelines/shutter-lo-shadow0174.png]
[sites.google.com/site/wastalinux/tutorials/language-worker/Usb Mem Stick 600.696fb5.delayed]
[sites.google.com/site/wastalinux/tutorials/language-worker-new/modem-manager-gui.html]
[sites.google.com/site/wastalinux/_/rsrc/1472855340087/tutorials/language-worker/Usb Mem Stick 600.jpg]
[sites.google.com/site/wastalinux/tutorials/language-worker/Wasta Backup1 Circle.6b6fb5.delayed]
[sites.google.com/site/wastalinux/_/rsrc/1472855338661/tutorials/language-worker/Wasta Backup1 Circle.png]
[sites.google.com/site/wastalinux/tutorials/language-worker/Wasta Backup2 Circle.6d6fb5.delayed]
[sites.google.com/site/wastalinux/tutorials/language-worker/Wasta Backup3 Arrow.6f6fb5.delayed]
[sites.google.com/site/wastalinux/_/rsrc/1472855338888/tutorials/language-worker/Wasta Backup2 Circle.png]
[sites.google.com/site/wastalinux/_/rsrc/1472855340278/tutorials/language-worker/Wasta Backup3 Arrow.png]
[sites.google.com/site/wastalinux/tutorials/language-worker/Files Launcher In Panel.716fb5.delayed]
[sites.google.com/site/wastalinux/tutorials/language-worker/File Manager Main Window.736fb5.delayed]
[sites.google.com/site/wastalinux/_/rsrc/1472855338298/tutorials/language-worker/Files Launcher In Panel.gif]
[sites.google.com/site/wastalinux/tutorials/language-worker/Home Folder.756fb5.delayed]
[sites.google.com/site/wastalinux/_/rsrc/1472855339154/tutorials/language-worker/File Manager Main Window.gif]
[sites.google.com/site/wastalinux/tutorials/language-worker/Default Folders.776fb5.delayed]
[sites.google.com/site/wastalinux/_/rsrc/1472855338466/tutorials/language-worker/Home Folder.gif]
[sites.google.com/site/wastalinux/_/rsrc/1472855338448/tutorials/language-worker/Default Folders.gif]
[sites.google.com/site/wastalinux/tutorials/language-worker/Adapt It Unicode Work Folder.796fb5.delayed]
[sites.google.com/site/wastalinux/tutorials/language-worker/ParatextProjects Folder.7b6fb5.delayed]
[sites.google.com/site/wastalinux/_/rsrc/1472855337758/tutorials/language-worker/ParatextProjects Folder.gif]
[sites.google.com/site/wastalinux/tutorials/language-worker/Folder Open List Arrow.7d6fb5.delayed]
[sites.google.com/site/wastalinux/_/rsrc/1472855341209/tutorials/language-worker/Adapt It Unicode Work Folder.gif]
[sites.google.com/site/wastalinux/_/rsrc/1472855340187/tutorials/language-worker/Folder Open List Arrow.gif]
[sites.google.com/site/wastalinux/tutorials/language-worker/Child Folders Embedded With Picture File.7f6fb5.delayed]
[sites.google.com/site/wastalinux/_/rsrc/1472855341143/tutorials/language-worker/Child Folders Embedded With Picture File.gif]
[sites.google.com/site/wastalinux/tutorials/language-worker/Folder Path And Nav Buttons.816fb5.delayed]
[sites.google.com/site/wastalinux/tutorials/language-worker/Back To Prev Visited Location Arrow.836fb5.delayed]
[sites.google.com/site/wastalinux/_/rsrc/1472855339811/tutorials/language-worker/Folder Path And Nav Buttons.gif]
[sites.google.com/site/wastalinux/tutorials/language-worker/Go To Next Visited Location Arrow.856fb5.delayed]
[sites.google.com/site/wastalinux/_/rsrc/1472855339582/tutorials/language-worker/Back To Prev Visited Location Arrow.gif]
[sites.google.com/site/wastalinux/_/rsrc/1472855338835/tutorials/language-worker/Go To Next Visited Location Arrow.gif]
[sites.google.com/site/wastalinux/tutorials/language-worker/Go To Parent Folder Arrow.876fb5.delayed]
[sites.google.com/site/wastalinux/_/rsrc/1472855339432/tutorials/language-worker/Go To Parent Folder Arrow.gif]
[sites.google.com/site/wastalinux/tutorials/language-worker/Reload The Current Location Button.896fb5.delayed]
[sites.google.com/site/wastalinux/tutorials/language-worker/Go To Home Directory.8b6fb5.delayed]
[sites.google.com/site/wastalinux/_/rsrc/1472855339466/tutorials/language-worker/Reload The Current Location Button.gif]
[sites.google.com/site/wastalinux/tutorials/language-worker/Go To Computer.8d6fb5.delayed]
[sites.google.com/site/wastalinux/_/rsrc/1472855340415/tutorials/language-worker/Go To Home Directory.gif]
[sites.google.com/site/wastalinux/tutorials/language-worker/Show More Of The Path To The Left.8f6fb5.delayed]
[sites.google.com/site/wastalinux/_/rsrc/1472855337406/tutorials/language-worker/Go To Computer.gif]
[sites.google.com/site/wastalinux/_/rsrc/1472855339201/tutorials/language-worker/Show More Of The Path To The Left.gif]
[sites.google.com/site/wastalinux/tutorials/language-worker/Show More Of The Path To The Right.916fb5.delayed]
[sites.google.com/site/wastalinux/tutorials/language-worker/Opening A Picture File From The File Browser.936fb5.delayed]
[sites.google.com/site/wastalinux/_/rsrc/1472855340052/tutorials/language-worker/Show More Of The Path To The Right.gif]
[sites.google.com/site/wastalinux/_/rsrc/1472855338596/tutorials/language-worker/Opening A Picture File From The File Browser.gif]
[sites.google.com/site/wastalinux/tutorials/language-worker/Devices Shown In File Manager USB BACKUP.956fb5.delayed]
[sites.google.com/site/wastalinux/tutorials/language-worker/Safely Remove Icon.976fb5.delayed]
[sites.google.com/site/wastalinux/_/rsrc/1472855339869/tutorials/language-worker/Devices Shown In File Manager USB BACKUP.gif]
[sites.google.com/site/wastalinux/_/rsrc/1472855336869/tutorials/language-worker/Safely Remove Icon.gif]
[sites.google.com/site/wastalinux/tutorials/language-worker/View Location Bar Toggle Button.996fb5.delayed]
[sites.google.com/site/wastalinux/tutorials/language-worker/Search Documents And Folders By Name Icon.9b6fb5.delayed]
[sites.google.com/site/wastalinux/_/rsrc/1472855340773/tutorials/language-worker/View Location Bar Toggle Button.gif]
[sites.google.com/site/wastalinux/tutorials/language-worker/Icon View Icon.9d6fb5.delayed]
[sites.google.com/site/wastalinux/tutorials/language-worker/List View Icon.9f6fb5.delayed]
[sites.google.com/site/wastalinux/_/rsrc/1472855338397/tutorials/language-worker/Icon View Icon.gif]
[sites.google.com/site/wastalinux/_/rsrc/1472855340210/tutorials/language-worker/Search Documents And Folders By Name Icon.gif]
[sites.google.com/site/wastalinux/_/rsrc/1472855338091/tutorials/language-worker/List View Icon.gif]
[sites.google.com/site/wastalinux/tutorials/language-worker/Compact View Icon.a16fb5.delayed]
[sites.google.com/site/wastalinux/tutorials/language-worker/Name Size Type Date Modified Bar.a36fb5.delayed]
[sites.google.com/site/wastalinux/_/rsrc/1472855337679/tutorials/language-worker/Compact View Icon.gif]
[sites.google.com/site/wastalinux/_/rsrc/1472855339644/tutorials/language-worker/Name Size Type Date Modified Bar.gif]
[sites.google.com/site/wastalinux/tutorials/language-worker/Status Bar File Browser.a56fb5.delayed]
[sites.google.com/site/wastalinux/_/rsrc/1472855340015/tutorials/language-worker/Status Bar File Browser.gif]
[sites.google.com/site/wastalinux/tutorials/language-worker/Status Bar Show Places Icon.a76fb5.delayed]
[sites.google.com/site/wastalinux/tutorials/language-worker/Status Bar Show Tree View Icon.a96fb5.delayed]
[sites.google.com/site/wastalinux/_/rsrc/1472855338905/tutorials/language-worker/Status Bar Show Places Icon.gif]
[sites.google.com/site/wastalinux/_/rsrc/1472855338413/tutorials/language-worker/Status Bar Show Tree View Icon.gif]
[sites.google.com/site/wastalinux/tutorials/language-worker/Status Bar Hide The Side Bar Icon.ab6fb5.delayed]
[sites.google.com/site/wastalinux/_/rsrc/1472855341099/tutorials/language-worker/Status Bar Hide The Side Bar Icon.gif]
[sites.google.com/site/wastalinux/tutorials/language-worker/Status Bar Show The Side Bar Icon.ad6fb5.delayed]
[sites.google.com/site/wastalinux/tutorials/language-worker/Status Bar Zoom Slider.af6fb5.delayed]
[sites.google.com/site/wastalinux/_/rsrc/1472855340433/tutorials/language-worker/Status Bar Show The Side Bar Icon.gif]
[sites.google.com/site/wastalinux/_/rsrc/1472855340935/tutorials/language-worker/Status Bar Zoom Slider.gif]
[sites.google.com/site/wastalinux/tutorials/language-worker/File Browser Help About Dialog.b16fb5.delayed]
[sites.google.com/site/wastalinux/tutorials/language-worker.html]
[sites.google.com/site/wastalinux/tutorials/advisor/Wasta Png Screen 900.b36fb5.delayed]
[sites.google.com/site/wastalinux/_/rsrc/1472855338366/tutorials/language-worker/File Browser Help About Dialog.gif]
[sites.google.com/site/wastalinux/_/rsrc/1472855337191/tutorials/advisor/Wasta Png Screen 900.jpg]
[sites.google.com/site/wastalinux/tutorials/advisor/Menu Right Click Item To Desktop 635.b56fb5.delayed]
[sites.google.com/site/wastalinux/tutorials/advisor/Launch Nemo 440.b76fb5.delayed]
[sites.google.com/site/wastalinux/_/rsrc/1472855338198/tutorials/advisor/Menu Right Click Item To Desktop 635.jpg]
[sites.google.com/site/wastalinux/tutorials/advisor/Authentication Needed To Run Wasta Application.b96fb5.delayed]
[sites.google.com/site/wastalinux/_/rsrc/1472855339848/tutorials/advisor/Launch Nemo 440.jpg]
[sites.google.com/site/wastalinux/_/rsrc/1472855339684/tutorials/advisor/Authentication Needed To Run Wasta Application.gif]
[sites.google.com/site/wastalinux/tutorials/advisor/Wasta Menus Config.bb6fb5.delayed]
[sites.google.com/site/wastalinux/_/rsrc/1472855336932/tutorials/advisor/Wasta Menus Config.png]
[sites.google.com/site/wastalinux/tutorials/advisor/After Wasta Menus 646.bd6fb5.delayed]
[sites.google.com/site/wastalinux/tutorials/advisor/Wasta Menus Add App.bf6fb5.delayed]
[sites.google.com/site/wastalinux/_/rsrc/1472855338511/tutorials/advisor/After Wasta Menus 646.jpg]
[sites.google.com/site/wastalinux/_/rsrc/1472855340332/tutorials/advisor/Wasta Menus Add App.png]
[sites.google.com/site/wastalinux/tutorials/advisor/Open Menu Editor 1 802.c16fb5.delayed]
[sites.google.com/site/wastalinux/tutorials/advisor/Open Menu Editor 2 677.c36fb5.delayed]
[sites.google.com/site/wastalinux/_/rsrc/1472855337040/tutorials/advisor/Open Menu Editor 1 802.jpg]
[sites.google.com/site/wastalinux/tutorials/advisor/Minimal Main Menu 840.c56fb5.delayed]
[sites.google.com/site/wastalinux/_/rsrc/1472855341051/tutorials/advisor/Open Menu Editor 2 677.jpg]
[sites.google.com/site/wastalinux/tutorials/advisor/Autologin 1 780.c76fb5.delayed]
[sites.google.com/site/wastalinux/_/rsrc/1472855340067/tutorials/advisor/Minimal Main Menu 840.jpg]
[sites.google.com/site/wastalinux/tutorials/advisor/Autologin 2 744.c96fb5.delayed]
[sites.google.com/site/wastalinux/_/rsrc/1472855337083/tutorials/advisor/Autologin 1 780.png]
[sites.google.com/site/wastalinux/tutorials/advisor/Usb Mem Stick 600.cb6fb5.delayed]
[sites.google.com/site/wastalinux/_/rsrc/1472855339537/tutorials/advisor/Autologin 2 744.png]
[sites.google.com/site/wastalinux/tutorials/advisor/Wasta Offline Start 420.cd6fb5.delayed]
[sites.google.com/site/wastalinux/_/rsrc/1472855337853/tutorials/advisor/Usb Mem Stick 600.jpg]
[sites.google.com/site/wastalinux/_/rsrc/1472855339029/tutorials/advisor/Wasta Offline Start 420.png]
[sites.google.com/site/wastalinux/tutorials/advisor/Wasta Offline Authentication Required Password.cf6fb5.delayed]
[sites.google.com/site/wastalinux/tutorials/advisor/Wasta Offline1 500.d16fb5.delayed]
[sites.google.com/site/wastalinux/_/rsrc/1472855337062/tutorials/advisor/Wasta Offline Authentication Required Password.gif]
[sites.google.com/site/wastalinux/tutorials/advisor/Wasta Offline2 842.d36fb5.delayed]
[sites.google.com/site/wastalinux/_/rsrc/1472855338106/tutorials/advisor/Wasta Offline1 500.png]
[sites.google.com/site/wastalinux/tutorials/advisor/Wasta Offline3 502.d66fb5.delayed]
[sites.google.com/site/wastalinux/_/rsrc/1472855340719/tutorials/advisor/Wasta Offline2 842.png]
[sites.google.com/site/wastalinux/_/rsrc/1472855336807/tutorials/advisor/Wasta Offline3 502.png]
[sites.google.com/site/wastalinux/tutorials/advisor/Wasta Offline3b 502.d86fb5.delayed]
[sites.google.com/site/wastalinux/_/rsrc/1472855341075/tutorials/advisor/Wasta Offline3b 502.png]
[sites.google.com/site/wastalinux/tutorials/advisor/Wasta Offline Progress 1 666.da6fb5.delayed]
[sites.google.com/site/wastalinux/_/rsrc/1472855337126/tutorials/advisor/Wasta Offline Progress 1 666.png]
[sites.google.com/site/wastalinux/tutorials/advisor/Wasta Offline Progress 2 502.dc6fb5.delayed]
[sites.google.com/site/wastalinux/_/rsrc/1472855340632/tutorials/advisor/Wasta Offline Progress 2 502.png]
[sites.google.com/site/wastalinux/tutorials/advisor/Wasta Offline4 2 502.de6fb5.delayed]
[sites.google.com/site/wastalinux/_/rsrc/1472855341319/tutorials/advisor/Wasta Offline4 2 502.png]
[sites.google.com/site/wastalinux/tutorials/advisor/Wasta Offline Initate Manager 432.e06fb5.delayed]
[sites.google.com/site/wastalinux/_/rsrc/1472855339125/tutorials/advisor/Wasta Offline Initate Manager 432.png]
[sites.google.com/site/wastalinux/tutorials/advisor/Wasta Offline Update Manager 800.e36fb5.delayed]
[sites.google.com/site/wastalinux/_/rsrc/1472855337105/tutorials/advisor/Wasta Offline Update Manager 800.png]
[sites.google.com/site/wastalinux/tutorials/advisor/Wasta Offline Progress Indicator 452.e56fb5.delayed]
[sites.google.com/site/wastalinux/tutorials/advisor/Wasta Offline Install Software Indicator 476.e76fb5.delayed]
[sites.google.com/site/wastalinux/_/rsrc/1472855339621/tutorials/advisor/Wasta Offline Progress Indicator 452.png]
[sites.google.com/site/wastalinux/tutorials/advisor/Wasta Offline Update Complete 301.e96fb5.delayed]
[sites.google.com/site/wastalinux/_/rsrc/1472855339924/tutorials/advisor/Wasta Offline Install Software Indicator 476.png]
[sites.google.com/site/wastalinux/tutorials/advisor/Wasta Offline4 502.eb6fb5.delayed]
[sites.google.com/site/wastalinux/_/rsrc/1472855338947/tutorials/advisor/Wasta Offline Update Complete 301.png]
[sites.google.com/site/wastalinux/tutorials/advisor/Ctrl Alt T To Invoke Terminal.ed6fb5.delayed]
[sites.google.com/site/wastalinux/_/rsrc/1472855341428/tutorials/advisor/Wasta Offline4 502.png]
[sites.google.com/site/wastalinux/_/rsrc/1472855337796/tutorials/advisor/Ctrl Alt T To Invoke Terminal.gif]
[sites.google.com/site/wastalinux/tutorials/advisor/Terminal Window.ef6fb5.delayed]
[sites.google.com/site/wastalinux/tutorials/advisor/Linux Mint 17 Live Boot Menu.f16fb5.delayed]
[sites.google.com/site/wastalinux/_/rsrc/1472855339598/tutorials/advisor/Terminal Window.gif]
[sites.google.com/site/wastalinux/tutorials/advisor/Live Session Desktop With Wasta 14.04.1 Install Icon.f36fb5.delayed]
[sites.google.com/site/wastalinux/_/rsrc/1472855340913/tutorials/advisor/Linux Mint 17 Live Boot Menu.gif]
[sites.google.com/site/wastalinux/tutorials/advisor/Displays Dialog.f56fb5.delayed]
[sites.google.com/site/wastalinux/_/rsrc/1472855338927/tutorials/advisor/Live Session Desktop With Wasta 14.04.1 Install Icon.gif]
[sites.google.com/site/wastalinux/_/rsrc/1472855337712/tutorials/advisor/Displays Dialog.gif]
[sites.google.com/site/wastalinux/tutorials/advisor/Wireless Connection Panel Icon.f76fb5.delayed]
[sites.google.com/site/wastalinux/_/rsrc/1472855341257/tutorials/advisor/Wireless Connection Panel Icon.gif]
[sites.google.com/site/wastalinux/tutorials/advisor/Connect To Wireless List.f96fb5.delayed]
[sites.google.com/site/wastalinux/_/rsrc/1472855339705/tutorials/advisor/Connect To Wireless List.gif]
[sites.google.com/site/wastalinux/tutorials/advisor/Wireless Key Entry Dialog.fb6fb5.delayed]
[sites.google.com/site/wastalinux/_/rsrc/1472855336888/tutorials/advisor/Wireless Key Entry Dialog.gif]
[sites.google.com/site/wastalinux/tutorials/advisor/Connection Established Notification.fd6fb5.delayed]
[sites.google.com/site/wastalinux/_/rsrc/1472855339075/tutorials/advisor/Connection Established Notification.gif]
[sites.google.com/site/wastalinux/tutorials/advisor/System Information Memory.ff6fb5.delayed]
[sites.google.com/site/wastalinux/_/rsrc/1472855338317/tutorials/advisor/System Information Memory.gif]
[sites.google.com/site/wastalinux/tutorials/advisor/GParted Windows System Initial Appearance Sample2.1016fb5.delayed]
[sites.google.com/site/wastalinux/_/rsrc/1472855340105/tutorials/advisor/GParted Windows System Initial Appearance Sample2.gif]
[sites.google.com/site/wastalinux/tutorials/advisor/GParted Resize Move Windows Before Dragging.1036fb5.delayed]
[sites.google.com/site/wastalinux/tutorials/advisor/GParted Resize From Right End2.1056fb5.delayed]
[sites.google.com/site/wastalinux/_/rsrc/1472855338574/tutorials/advisor/GParted Resize Move Windows Before Dragging.gif]
[sites.google.com/site/wastalinux/_/rsrc/1472855339051/tutorials/advisor/GParted Resize From Right End2.gif]
[sites.google.com/site/wastalinux/tutorials/advisor/GParted Apply All Operations Toolbar.1076fb5.delayed]
[sites.google.com/site/wastalinux/_/rsrc/1472855340654/tutorials/advisor/GParted Apply All Operations Toolbar.gif]
[sites.google.com/site/wastalinux/tutorials/advisor/Live Session Install Icon.10a6fb5.delayed]
[sites.google.com/site/wastalinux/tutorials/advisor/Welcome Screen English Choice.10c6fb5.delayed]
[sites.google.com/site/wastalinux/_/rsrc/1472855337638/tutorials/advisor/Live Session Install Icon.gif]
[sites.google.com/site/wastalinux/_/rsrc/1472855341282/tutorials/advisor/Welcome Screen English Choice.gif]
[sites.google.com/site/wastalinux/tutorials/advisor/Keyboard Layout English Selected.10e6fb5.delayed]
[sites.google.com/site/wastalinux/tutorials/advisor/Re Install 02 Preparing To Install Laptop 3 Checks.1106fb5.delayed]
[sites.google.com/site/wastalinux/_/rsrc/1472855341231/tutorials/advisor/Keyboard Layout English Selected.gif]
[sites.google.com/site/wastalinux/tutorials/advisor/Dual Boot2 Installation Type Something Else.1126fb5.delayed]
[sites.google.com/site/wastalinux/_/rsrc/1472855337775/tutorials/advisor/Re Install 02 Preparing To Install Laptop 3 Checks.gif]
[sites.google.com/site/wastalinux/tutorials/advisor/Dual Boot6 Showing Swap Mount Point.1146fb5.delayed]
[sites.google.com/site/wastalinux/_/rsrc/1472855337877/tutorials/advisor/Dual Boot2 Installation Type Something Else.gif]
[sites.google.com/site/wastalinux/tutorials/advisor/Dual Boot4 Enter Swap Size 2000.1166fb5.delayed]
[sites.google.com/site/wastalinux/_/rsrc/1472855337237/tutorials/advisor/Dual Boot6 Showing Swap Mount Point.gif]
[sites.google.com/site/wastalinux/tutorials/advisor/Dual Boot5 Enter Swap Area.1186fb5.delayed]
[sites.google.com/site/wastalinux/_/rsrc/1472855338344/tutorials/advisor/Dual Boot4 Enter Swap Size 2000.gif]
[sites.google.com/site/wastalinux/_/rsrc/1472855337019/tutorials/advisor/Dual Boot5 Enter Swap Area.gif]
[sites.google.com/site/wastalinux/tutorials/advisor/Dual Boot7 Entering 10000 For Root.11b6fb5.delayed]
[sites.google.com/site/wastalinux/tutorials/advisor/Dual Boot8 Enter Slash Root Mount Point.11d6fb5.delayed]
[sites.google.com/site/wastalinux/_/rsrc/1472855339562/tutorials/advisor/Dual Boot7 Entering 10000 For Root.gif]
[sites.google.com/site/wastalinux/_/rsrc/1472855340230/tutorials/advisor/Dual Boot8 Enter Slash Root Mount Point.gif]
[sites.google.com/site/wastalinux/tutorials/advisor/Dual Boot9 Showing Swap And Root.11f6fb5.delayed]
[sites.google.com/site/wastalinux/_/rsrc/1472855340141/tutorials/advisor/Dual Boot9 Showing Swap And Root.gif]
[sites.google.com/site/wastalinux/tutorials/advisor/Dual Boot10 Enter Home Remaining.1216fb5.delayed]
[sites.google.com/site/wastalinux/tutorials/advisor/Dual Boot11 Enter Home Mount Point.1236fb5.delayed]
[sites.google.com/site/wastalinux/_/rsrc/1472855340850/tutorials/advisor/Dual Boot10 Enter Home Remaining.gif]
[sites.google.com/site/wastalinux/_/rsrc/1472855340355/tutorials/advisor/Dual Boot11 Enter Home Mount Point.gif]
[sites.google.com/site/wastalinux/tutorials/advisor/Dual Boot12 Showing Swap Root And Home Complete.1256fb5.delayed]
[sites.google.com/site/wastalinux/tutorials/advisor/Where Are You Port Moresby Selected.1276fb5.delayed]
[sites.google.com/site/wastalinux/tutorials/advisor/Who Are You Information Screen.12a6fb5.delayed]
[sites.google.com/site/wastalinux/_/rsrc/1472855341008/tutorials/advisor/Where Are You Port Moresby Selected.gif]
[sites.google.com/site/wastalinux/_/rsrc/1472855339100/tutorials/advisor/Dual Boot12 Showing Swap Root And Home Complete.gif]
[sites.google.com/site/wastalinux/tutorials/advisor/Welcome To Linux Mint Slide1.12c6fb5.delayed]
[sites.google.com/site/wastalinux/_/rsrc/1472855339173/tutorials/advisor/Who Are You Information Screen.gif]
[sites.google.com/site/wastalinux/tutorials/advisor/Installation Finished Restart Now.12e6fb5.delayed]
[sites.google.com/site/wastalinux/_/rsrc/1472855337479/tutorials/advisor/Welcome To Linux Mint Slide1.gif]
[sites.google.com/site/wastalinux/tutorials/advisor/Grub Boot Menu Linux And Windows.1306fb5.delayed]
[sites.google.com/site/wastalinux/_/rsrc/1472855341404/tutorials/advisor/Installation Finished Restart Now.gif]
[sites.google.com/site/wastalinux/_/rsrc/1472855338789/tutorials/advisor/Grub Boot Menu Linux And Windows.png]
[sites.google.com/site/wastalinux/tutorials/advisor/Initial Log In Screen Login Showing.1326fb5.delayed]
[sites.google.com/site/wastalinux/_/rsrc/1472855339246/tutorials/advisor/Initial Log In Screen Login Showing.gif]
[sites.google.com/site/wastalinux/tutorials/advisor/Initial Log In Screen User Selected.1346fb5.delayed]
[sites.google.com/site/wastalinux/_/rsrc/1472855338057/tutorials/advisor/Initial Log In Screen User Selected.gif]
[sites.google.com/site/wastalinux/tutorials/advisor/Preparing To Install Linux Mint 3 Items.13a6fb5.delayed]
[sites.google.com/site/wastalinux/_/rsrc/1472855337656/tutorials/advisor/Preparing To Install Linux Mint 3 Items.gif]
[sites.google.com/site/wastalinux/tutorials/advisor/Installation Type Windows Only Something Else.13c6fb5.delayed]
[sites.google.com/site/wastalinux/tutorials/advisor/GParted Windows InstType 3 Partitions.13e6fb5.delayed]
[sites.google.com/site/wastalinux/_/rsrc/1472855338219/tutorials/advisor/Installation Type Windows Only Something Else.gif]
[sites.google.com/site/wastalinux/tutorials/advisor/GParted New Partition Table Free Space.1406fb5.delayed]
[sites.google.com/site/wastalinux/_/rsrc/1472855339311/tutorials/advisor/GParted Windows InstType 3 Partitions.gif]
[sites.google.com/site/wastalinux/_/rsrc/1472855338255/tutorials/advisor/GParted New Partition Table Free Space.gif]
[sites.google.com/site/wastalinux/tutorials/advisor/Add New Partition No Existing Before Adding Swap 1.1426fb5.delayed]
[sites.google.com/site/wastalinux/_/rsrc/1472855340808/tutorials/advisor/Add New Partition No Existing Before Adding Swap 1.gif]
[sites.google.com/site/wastalinux/tutorials/advisor/GParted 2000 Swap Selected.1446fb5.delayed]
[sites.google.com/site/wastalinux/_/rsrc/1472855340161/tutorials/advisor/GParted 2000 Swap Selected.gif]
[sites.google.com/site/wastalinux/tutorials/advisor/Select Free Space After Swap.1466fb5.delayed]
[sites.google.com/site/wastalinux/tutorials/advisor/GParted Root 10000 Selected.1486fb5.delayed]
[sites.google.com/site/wastalinux/_/rsrc/1472855338552/tutorials/advisor/Select Free Space After Swap.gif]
[sites.google.com/site/wastalinux/_/rsrc/1472855338014/tutorials/advisor/GParted Root 10000 Selected.gif]
[sites.google.com/site/wastalinux/tutorials/advisor/GParted Root Selected 10000 Free Space Selected.14a6fb5.delayed]
[sites.google.com/site/wastalinux/_/rsrc/1472855337815/tutorials/advisor/GParted Root Selected 10000 Free Space Selected.gif]
[sites.google.com/site/wastalinux/tutorials/advisor/GParted Remaining Space Home Selected.14c6fb5.delayed]
[sites.google.com/site/wastalinux/tutorials/advisor/GParted All Partitions Created Install Now.14e6fb5.delayed]
[sites.google.com/site/wastalinux/_/rsrc/1472855339663/tutorials/advisor/GParted Remaining Space Home Selected.gif]
[sites.google.com/site/wastalinux/_/rsrc/1472855341343/tutorials/advisor/GParted All Partitions Created Install Now.gif]
[sites.google.com/site/wastalinux/tutorials/The+Language+Worker.157.delayed]
[sites.google.com/site/wastalinux/tutorials/advisor/Disk Utility Old Initial Screen Swap Highlighted No Extended.1586fb5.delayed]
[sites.google.com/site/wastalinux/_/rsrc/1472855339776/tutorials/advisor/Disk Utility Old Initial Screen Swap Highlighted No Extended.gif]
[sites.google.com/site/wastalinux/tutorials/advisor/Disk Utility New Initial Screen Swap Highlighted No Extended.15a6fb5.delayed]
[sites.google.com/site/wastalinux/tutorials/advisor/Disk Utility Old Wasta Root Info Highlighted No Extended.15c6fb5.delayed]
[sites.google.com/site/wastalinux/_/rsrc/1472855337957/tutorials/advisor/Disk Utility New Initial Screen Swap Highlighted No Extended.gif]
[sites.google.com/site/wastalinux/tutorials/advisor/Disk Utility Old Wasta Home Info Highlighted No Extended.15e6fb5.delayed]
[sites.google.com/site/wastalinux/_/rsrc/1472855338970/tutorials/advisor/Disk Utility Old Wasta Root Info Highlighted No Extended.gif]
[sites.google.com/site/wastalinux/tutorials/advisor/Re Install 03 Installation Type 4 Options Something Else.1656fb5.delayed]
[sites.google.com/site/wastalinux/_/rsrc/1472855338677/tutorials/advisor/Disk Utility Old Wasta Home Info Highlighted No Extended.gif]
[sites.google.com/site/wastalinux/_/rsrc/1472855338812/tutorials/advisor/Re Install 03 Installation Type 4 Options Something Else.gif]
[sites.google.com/site/wastalinux/tutorials/advisor/Re Install 05 GParted Initial View Single Boot.1686fb5.delayed]
[sites.google.com/site/wastalinux/_/rsrc/1472855338851/tutorials/advisor/Re Install 05 GParted Initial View Single Boot.gif]
[sites.google.com/site/wastalinux/tutorials/advisor/Re Install 06 GParted Initial View Dual Boot.16a6fb5.delayed]
[sites.google.com/site/wastalinux/_/rsrc/1472855339750/tutorials/advisor/Re Install 06 GParted Initial View Dual Boot.gif]
[sites.google.com/site/wastalinux/tutorials/advisor/Re Install 07 Select Partition Middle For Root Then Change.16c6fb5.delayed]
[sites.google.com/site/wastalinux/_/rsrc/1472855337385/tutorials/advisor/Re Install 07 Select Partition Middle For Root Then Change.gif]
[sites.google.com/site/wastalinux/tutorials/advisor/Re Install 08 Edit Partition Middle Initial.16e6fb5.delayed]
[sites.google.com/site/wastalinux/_/rsrc/1472855337734/tutorials/advisor/Re Install 08 Edit Partition Middle Initial.gif]
[sites.google.com/site/wastalinux/tutorials/advisor/Re Install 09 Set Middle Partition To Ext4.1706fb5.delayed]
[sites.google.com/site/wastalinux/tutorials/advisor/Re Install 10 Select Partition From List For Root.1726fb5.delayed]
[sites.google.com/site/wastalinux/_/rsrc/1472855339407/tutorials/advisor/Re Install 09 Set Middle Partition To Ext4.gif]
[sites.google.com/site/wastalinux/_/rsrc/1472855341121/tutorials/advisor/Re Install 10 Select Partition From List For Root.gif]
[sites.google.com/site/wastalinux/tutorials/advisor/Re Install 11 GParted Root Setup Partition For Home Selected.1746fb5.delayed]
[sites.google.com/site/wastalinux/_/rsrc/1472855338745/tutorials/advisor/Re Install 11 GParted Root Setup Partition For Home Selected.gif]
[sites.google.com/site/wastalinux/tutorials/advisor/Re Install 12 GParted Root Setup Partition For Home Format Box Ticked.1766fb5.delayed]
[sites.google.com/site/wastalinux/_/rsrc/1472855340828/tutorials/advisor/Re Install 12 GParted Root Setup Partition For Home Format Box Ticked.gif]
[sites.google.com/site/wastalinux/tutorials/advisor/Re Install 13 Select Partition Largest For Home Then Change.1786fb5.delayed]
[sites.google.com/site/wastalinux/_/rsrc/1472855340610/tutorials/advisor/Re Install 13 Select Partition Largest For Home Then Change.gif]
[sites.google.com/site/wastalinux/tutorials/advisor/Re Install 14 Edit Partition Largest Initial.17a6fb5.delayed]
[sites.google.com/site/wastalinux/_/rsrc/1472855337541/tutorials/advisor/Re Install 14 Edit Partition Largest Initial.gif]
[sites.google.com/site/wastalinux/tutorials/advisor/Re Install 15 Set Largest Partition To Ext4.17c6fb5.delayed]
[sites.google.com/site/wastalinux/_/rsrc/1472855339886/tutorials/advisor/Re Install 15 Set Largest Partition To Ext4.gif]
[sites.google.com/site/wastalinux/tutorials/advisor/Re Install 16 Set Largest Partition To Ext4.17e6fb5.delayed]
[sites.google.com/site/wastalinux/tutorials/advisor/Re Install 17 GParted Root And Home Setup Install Now Single Boot.1806fb5.delayed]
[sites.google.com/site/wastalinux/_/rsrc/1472855339008/tutorials/advisor/Re Install 16 Set Largest Partition To Ext4.gif]
[sites.google.com/site/wastalinux/_/rsrc/1472855341163/tutorials/advisor/Re Install 17 GParted Root And Home Setup Install Now Single Boot.gif]
[sites.google.com/site/wastalinux/tutorials/advisor/Re Install 18 GParted Root And Home Setup Install Now Dual Boot.1826fb5.delayed]
[sites.google.com/site/wastalinux/tutorials/advisor.html]
[sites.google.com/site/wastalinux/_/rsrc/1472855341451/tutorials/advisor/Re Install 18 GParted Root And Home Setup Install Now Dual Boot.gif]
[sites.google.com/site/wastalinux/tutorials/technician/Usb Mem Stick 600.1846fb5.delayed]
[sites.google.com/site/wastalinux/_/rsrc/1472855340990/tutorials/technician/Usb Mem Stick 600.jpg]
[sites.google.com/site/wastalinux/tutorials/technician/StartupDiskCreator Initial Size.1866fb5.delayed]
[sites.google.com/site/wastalinux/tutorials/technician/StartupDiskCreator Expanded Size.1886fb5.delayed]
[sites.google.com/site/wastalinux/_/rsrc/1472855338127/tutorials/technician/StartupDiskCreator Initial Size.gif]
[sites.google.com/site/wastalinux/_/rsrc/1472855338239/tutorials/technician/StartupDiskCreator Expanded Size.gif]
[sites.google.com/site/wastalinux/tutorials/technician/StartupDiskCreator File Selector.18a6fb5.delayed]
[sites.google.com/site/wastalinux/_/rsrc/1472855336833/tutorials/technician/StartupDiskCreator File Selector.gif]
[sites.google.com/site/wastalinux/tutorials/technician/StartupDiskCreator ISO And USB Selected.18c6fb5.delayed]
[sites.google.com/site/wastalinux/tutorials/technician/Disk Utility Old Startup Disk Creator Verify Device.18e6fb5.delayed]
[sites.google.com/site/wastalinux/_/rsrc/1472855338167/tutorials/technician/StartupDiskCreator ISO And USB Selected.gif]
[sites.google.com/site/wastalinux/_/rsrc/1472855339729/tutorials/technician/Disk Utility Old Startup Disk Creator Verify Device.gif]
[sites.google.com/site/wastalinux/tutorials/technician/StartupDiskCreator Are You Sure Message.1906fb5.delayed]
[sites.google.com/site/wastalinux/_/rsrc/1472855341367/tutorials/technician/StartupDiskCreator Are You Sure Message.gif]
[sites.google.com/site/wastalinux/tutorials/technician/StartupDiskCreator Authenticate For Boot Loader.1926fb5.delayed]
[sites.google.com/site/wastalinux/tutorials/technician/StartupDiskCreator Ready To Make Startup Disk.1946fb5.delayed]
[sites.google.com/site/wastalinux/_/rsrc/1472855340893/tutorials/technician/StartupDiskCreator Authenticate For Boot Loader.gif]
[sites.google.com/site/wastalinux/_/rsrc/1472855340125/tutorials/technician/StartupDiskCreator Ready To Make Startup Disk.gif]
[sites.google.com/site/wastalinux/tutorials/technician/StartupDiskCreator Installing Progress.1966fb5.delayed]
[sites.google.com/site/wastalinux/_/rsrc/1472855337459/tutorials/technician/StartupDiskCreator Installing Progress.gif]
[sites.google.com/site/wastalinux/tutorials/technician/StartupDiskCreator Installing The Boot Loader.1996fb5.delayed]
[sites.google.com/site/wastalinux/_/rsrc/1472855337576/tutorials/technician/StartupDiskCreator Installing The Boot Loader.gif]
[sites.google.com/site/wastalinux/tutorials/technician/StartupDiskCreator Creating Persistence File.19b6fb5.delayed]
[sites.google.com/site/wastalinux/_/rsrc/1472855339520/tutorials/technician/StartupDiskCreator Creating Persistence File.gif]
[sites.google.com/site/wastalinux/tutorials/technician/StartupDiskCreator Finished.19d6fb5.delayed]
[sites.google.com/site/wastalinux/_/rsrc/1472855340563/tutorials/technician/StartupDiskCreator Finished.gif]
[sites.google.com/site/wastalinux/tutorials/technician/Ati Radion Gpu 590.1a06fb5.delayed]
[sites.google.com/site/wastalinux/tutorials/technician9567.html]
[sites.google.com/site/wastalinux/_/rsrc/1472855337327/tutorials/technician/Ati Radion Gpu 590.jpg]
[sites.google.com/site/wastalinux/tutorials/technician/Launch Nemo 440.1a26fb5.delayed]
[sites.google.com/site/wastalinux/tutorials/technician/Wasta Backup Config Files.1a46fb5.delayed]
[sites.google.com/site/wastalinux/_/rsrc/1472855338279/tutorials/technician/Launch Nemo 440.jpg]
[sites.google.com/site/wastalinux/_/rsrc/1472855340527/tutorials/technician/Wasta Backup Config Files.gif]
[sites.google.com/site/wastalinux/tutorials/technician/Kmfl Ibus 600.1a66fb5.delayed]
[sites.google.com/site/wastalinux/tutorials/technician/Std Keyboard 346.1a86fb5.delayed]
[sites.google.com/site/wastalinux/_/rsrc/1472855337621/tutorials/technician/Kmfl Ibus 600.jpg]
[sites.google.com/site/wastalinux/_/rsrc/1472855340545/tutorials/technician/Std Keyboard 346.jpg]
[sites.google.com/site/wastalinux/tutorials/technician/Ibus Preferences 458.1aa6fb5.delayed]
[sites.google.com/site/wastalinux/_/rsrc/1472855339289/tutorials/technician/Ibus Preferences 458.jpg]
[sites.google.com/site/wastalinux/tutorials/technician/Select Input Method 583.1ac6fb5.delayed]
[sites.google.com/site/wastalinux/tutorials/technician/Kala Language Keyboard Example 900.1ae6fb5.delayed]
[sites.google.com/site/wastalinux/_/rsrc/1472855338696/tutorials/technician/Select Input Method 583.jpg]
[sites.google.com/site/wastalinux/tutorials/technician.html]
[sites.google.com/site/wastalinux/_/rsrc/1535010250000/system/app/css/camelot/dashboard.css]
[sites.google.com/site/wastalinux/_/rsrc/1535010250000/system/app/css/camelot/error.css]
[sites.google.com/site/wastalinux/_/rsrc/1535010250000/system/app/images/spinner.gif]
[sites.google.com/site/wastalinux/_/rsrc/1472855340678/tutorials/technician/Kala Language Keyboard Example 900.jpg]
[sites.google.com/site/wastalinux/home/customizing/github-setup/ssh1.1b16fb5.delayed]
[sites.google.com/site/wastalinux/_/rsrc/1472855337308/home/customizing/github-setup/ssh12352.png]
[sites.google.com/site/wastalinux/home/customizing/github-setup/ssh2.1b36fb5.delayed]
[sites.google.com/site/wastalinux/home/customizing/github-setup/ssh4.1b56fb5.delayed]
[sites.google.com/site/wastalinux/_/rsrc/1472855337150/home/customizing/github-setup/ssh23ab2.png]
[sites.google.com/site/wastalinux/home/customizing/github-setup/ssh5.1b76fb5.delayed]
[sites.google.com/site/wastalinux/_/rsrc/1472855338768/home/customizing/github-setup/ssh4c493.png]
[sites.google.com/site/wastalinux/_/rsrc/1472855340701/home/customizing/github-setup/ssh542f7.png]
[sites.google.com/site/wastalinux/home/customizing/github-setup/ssh7.1b96fb5.delayed]
[sites.google.com/site/wastalinux/home/customizing/github-setup/ssh3.1bb6fb5.delayed]
[sites.google.com/site/wastalinux/_/rsrc/1472855337992/home/customizing/github-setup/ssh77601.png]
[sites.google.com/site/wastalinux/home/customizing/github-setup/ssh8.1bd6fb5.delayed]
[sites.google.com/site/wastalinux/_/rsrc/1472855339387/home/customizing/github-setup/ssh34751.png]
[sites.google.com/site/wastalinux/home/customizing/github-setup/ssh9.1bf6fb5.delayed]
[sites.google.com/site/wastalinux/home/customizing/github-setup.html]
[sites.google.com/site/wastalinux/_/rsrc/1472855336983/home/customizing/github-setup/ssh8fc24.png]
[sites.google.com/site/wastalinux/_/rsrc/1472855337439/home/customizing/github-setup/ssh96b2a.png]
[sites.google.com/site/wastalinux/home/customizing/launchpad-setup/ubuntu-keyserver.1c16fb5.delayed]
[sites.google.com/site/wastalinux/home/customizing/launchpad-setup/LaunchpadSetup-1.1c36fb5.delayed]
[sites.google.com/site/wastalinux/_/rsrc/1472855337592/home/customizing/launchpad-setup/ubuntu-keyserver.png]
[sites.google.com/site/wastalinux/_/rsrc/1472855339503/home/customizing/launchpad-setup/LaunchpadSetup-1.png]
[sites.google.com/site/wastalinux/home/customizing/launchpad-setup/LaunchpadSetup-2.1c56fb5.delayed]
[sites.google.com/site/wastalinux/home/customizing/launchpad-setup.html]
[sites.google.com/site/wastalinux/home/wasta-linux-round-1286fb5.png]
[sites.google.com/site/wastalinux/tutorials/language-worker-new/modem-manager-gui.html]
[sites.google.com/site/wastalinux/tutorials/The+Language+Worker.html]
[sites.google.com/site/wastalinux/tutorials/technician9567.html]
[sites.google.com/site/wastalinux/_/rsrc/1472855338484/home/customizing/launchpad-setup/LaunchpadSetup-2.png]
[sites.google.com/site/wastalinux/tutorials/language-worker-new.html]
[sites.google.com/site/wastalinux/tutorials/language-worker-new.html]
[sites.google.com/site/wastalinux/tutorials/language-worker-new/wasta-backup.html]
[sites.google.com/site/wastalinux/tutorials/language-worker-new/file-management.html]
[sites.google.com/site/wastalinux/tutorials/language-worker-new/file-management.html]
[sites.google.com/site/wastalinux/tutorials/language-worker-new/wasta-backup.html]
