[backblue.gif]
[fade.gif]
[index.html]
[sites.google.com/site/wastalinux/home/wasta-linux-16-04-800.126fb5.delayed]
[sites.google.com/site/wastalinux/CSI/index.html]
[sites.google.com/site/wastalinux/_/tz.15.delayed]
[sites.google.com/site/wastalinux/index.html]
[sites.google.com/site/wastalinux/CSI/index.html]
[ssl.gstatic.com/sites/p/59b8f1/system/app/css/codemirror_css.css]
[ssl.gstatic.com/sites/p/59b8f1/system/app/css/trogedit.css]
[sites.google.com/site/wastalinux/_/rsrc/1416393857915/config/customLogoc7fe.png]
[sites.google.com/site/wastalinux/_/rsrc/1461073079000/system/app/css/editor.css]
[ssl.gstatic.com/sites/p/59b8f1/system/app/css/codeeditor.css]
[ssl.gstatic.com/sites/p/59b8f1/system/app/themes/ski/standard-css-ski-ltr-ltr.css]
[sites.google.com/site/wastalinux/_/rsrc/1461073079000/system/app/css/overlayf742.css]
[sites.google.com/site/wastalinux/_/rsrc/1461073079000/system/app/css/camelot/allthemes-view.css]
[sites.google.com/site/wastalinux/home/ubuntuconversion.html]
[sites.google.com/site/wastalinux/home/download.html]
[sites.google.com/site/wastalinux/home/customizing.html]
[sites.google.com/site/wastalinux/wasta-applications.html]
[sites.google.com/site/wastalinux/_/rsrc/1416329213793/home/wasta-linux-round-128.png]
[sites.google.com/site/wastalinux/_/rsrc/1462110490971/home/wasta-linux-16-04-800.png]
[sites.google.com/site/wastalinux/wasta-applications/wasta-backup/wasta-backup-16-04-700.216fb5.delayed]
[sites.google.com/site/wastalinux/_/rsrc/1461073079000/system/app/images/toolbar-check.gif]
[sites.google.com/site/wastalinux/wasta-applications/wasta-backup.html]
[sites.google.com/site/wastalinux/_/rsrc/1461073079000/system/app/images/icon-help-kennedy.png]
[sites.google.com/site/wastalinux/_/rsrc/1416391308120/config/website-background.jpg.1416391307282.jpg]
[sites.google.com/site/wastalinux/wasta-applications/wasta-menus/wasta-menus-1.246fb5.delayed]
[sites.google.com/site/wastalinux/_/rsrc/1461073079000/system/app/images/camelot.png]
[sites.google.com/site/wastalinux/home/CSI/index.html]
[sites.google.com/site/wastalinux/wasta-applications/wasta-menus/wasta-menus2.266fb5.delayed]
[sites.google.com/site/wastalinux/wasta-applications/wasta-menus.html]
[sites.google.com/site/wastalinux/_/rsrc/1462105279974/home/ubuntuconversion/ubu-2-wasta.png]
[sites.google.com/site/wastalinux/wasta-applications/wasta-offline/wasta-offline-setup-16-04.296fb5.delayed]
[sites.google.com/site/wastalinux/_/rsrc/1417520959534/wasta-applications/wasta-backup/wasta-backup-128.png]
[sites.google.com/site/wastalinux/wasta-applications/CSI/index.html]
[sites.google.com/site/wastalinux/wasta-applications/wasta-offline/wasta-offline-16-04.2b6fb5.delayed]
[sites.google.com/site/wastalinux/_/rsrc/1461069051795/wasta-applications/wasta-backup/wasta-backup-16-04-700.png]
[sites.google.com/site/wastalinux/_/rsrc/1462107701763/wasta-applications/wasta-menus/wasta-menus-128.png]
[sites.google.com/site/wastalinux/_/rsrc/1462107167558/wasta-applications/wasta-menus/wasta-menus-1ce9f.png]
[sites.google.com/site/wastalinux/wasta-applications/wasta-offline/wasta-offline-ready-16-04.2d6fb5.delayed]
[sites.google.com/site/wastalinux/wasta-applications/wasta-offline.html]
[sites.google.com/site/wastalinux/wasta-applications/wasta-resources.html]
[sites.google.com/site/wastalinux/_/rsrc/1417521038985/wasta-applications/wasta-offline/wasta-offline-128.png]
[sites.google.com/site/wastalinux/_/rsrc/1462107195286/wasta-applications/wasta-menus/wasta-menus2aa87.png]
[sites.google.com/site/wastalinux/_/rsrc/1461070222202/wasta-applications/wasta-offline/wasta-offline-setup-16-04beb8.png]
[sites.google.com/site/wastalinux/why-linux.html]
[sites.google.com/site/wastalinux/_/rsrc/1461070033184/wasta-applications/wasta-offline/wasta-offline-16-0437cb.png]
[sites.google.com/site/wastalinux/system/app/pages/reportAbuse.html]
[sites.google.com/site/wastalinux/_/tz.html]
[sites.google.com/site/wastalinux/_/rsrc/1461070087656/wasta-applications/wasta-offline/wasta-offline-ready-16-047739.png]
[sites.google.com/site/wastalinux/_/rsrc/1417520981773/wasta-applications/wasta-resources/wasta-resources-128.png]
[sites.google.com/site/wastalinux/home/CSI/index.html]
[sites.google.com/site/wastalinux/home.html]
[sites.google.com/site/wastalinux/home/Rufus-1.346fb5.delayed]
[sites.google.com/site/wastalinux/_/rsrc/1416236218458/home/Rufus-1.jpg]
[sites.google.com/site/wastalinux/home/Rufus-2.366fb5.delayed]
[sites.google.com/site/wastalinux/home/wasta-linux-boot.386fb5.delayed]
[sites.google.com/site/wastalinux/home/create-bootable-usb.html]
[sites.google.com/site/wastalinux/_/rsrc/1416236243910/home/Rufus-2.jpg]
[sites.google.com/site/wastalinux/_/rsrc/1416236286746/home/wasta-linux-boot.png]
[sites.google.com/site/wastalinux/home/vb3Dsettings.3a6fb5.delayed]
[sites.google.com/site/wastalinux/_/rsrc/1416236431634/home/vb3Dsettings.png]
[sites.google.com/site/wastalinux/home/vb-01-800.3c6fb5.delayed]
[sites.google.com/site/wastalinux/_/rsrc/1416236826678/home/vb-01-800.jpg]
[sites.google.com/site/wastalinux/home/vb-02-800.3e6fb5.delayed]
[sites.google.com/site/wastalinux/home/virtualbox-installation.html]
[sites.google.com/site/wastalinux/home/customizing/remastersys-iso.html]
[sites.google.com/site/wastalinux/_/rsrc/1416236848854/home/vb-02-800.jpg]
[sites.google.com/site/wastalinux/home/customizing/maintain-package/ssh11.416fb5.delayed]
[sites.google.com/site/wastalinux/home/customizing/maintain-package.html]
[sites.google.com/site/wastalinux/_/rsrc/1444808604738/home/customizing/maintain-package/ssh1160ac.png]
[sites.google.com/site/wastalinux/wasta-applications/CSI/index.html]
[sites.google.com/site/wastalinux/home/customizing/CSI/index.html]
[sites.google.com/site/wastalinux/home/customizing/launchpad-setup/ubuntu-keyserver.436fb5.delayed]
[sites.google.com/site/wastalinux/_/rsrc/1425219122886/home/customizing/launchpad-setup/ubuntu-keyserver.png]
[sites.google.com/site/wastalinux/home/customizing/launchpad-setup/LaunchpadSetup-1.456fb5.delayed]
[sites.google.com/site/wastalinux/home/customizing/launchpad-setup/LaunchpadSetup-2.476fb5.delayed]
[sites.google.com/site/wastalinux/home/customizing/launchpad-setup.html]
[sites.google.com/site/wastalinux/_/rsrc/1461073079000/system/app/css/camelot/dashboard.css]
[sites.google.com/site/wastalinux/_/rsrc/1461073079000/system/app/css/camelot/error.css]
[sites.google.com/site/wastalinux/home/customizing/CSI/index.html]
[sites.google.com/site/wastalinux/_/rsrc/1417520994744/home/customizing/launchpad-setup/LaunchpadSetup-1.png]
[sites.google.com/site/wastalinux/_/rsrc/1417520994744/home/customizing/launchpad-setup/LaunchpadSetup-2.png]
[sites.google.com/site/wastalinux/_/rsrc/1461073079000/system/app/images/spinner.gif]
[sites.google.com/site/wastalinux/home/customizing/github-setup/ssh1.4a6fb5.delayed]
[sites.google.com/site/wastalinux/_/rsrc/1444806632933/home/customizing/github-setup/ssh12352.png]
[sites.google.com/site/wastalinux/home/customizing/github-setup/ssh2.4c6fb5.delayed]
[sites.google.com/site/wastalinux/home/customizing/github-setup/ssh4.4e6fb5.delayed]
[sites.google.com/site/wastalinux/_/rsrc/1444806635810/home/customizing/github-setup/ssh23ab2.png]
[sites.google.com/site/wastalinux/home/customizing/github-setup/ssh5.506fb5.delayed]
[sites.google.com/site/wastalinux/_/rsrc/1444806642338/home/customizing/github-setup/ssh4c493.png]
[sites.google.com/site/wastalinux/_/rsrc/1444806645400/home/customizing/github-setup/ssh542f7.png]
[sites.google.com/site/wastalinux/home/customizing/github-setup/ssh7.526fb5.delayed]
[sites.google.com/site/wastalinux/home/customizing/github-setup/ssh3.546fb5.delayed]
[sites.google.com/site/wastalinux/_/rsrc/1444806655167/home/customizing/github-setup/ssh77601.png]
[sites.google.com/site/wastalinux/home/customizing/github-setup/ssh8.566fb5.delayed]
[sites.google.com/site/wastalinux/_/rsrc/1444806639302/home/customizing/github-setup/ssh34751.png]
[sites.google.com/site/wastalinux/_/rsrc/1444806659609/home/customizing/github-setup/ssh8fc24.png]
[sites.google.com/site/wastalinux/home/customizing/github-setup/ssh9.586fb5.delayed]
[sites.google.com/site/wastalinux/home/customizing/github-setup.html]
[sites.google.com/site/wastalinux/_/rsrc/1444806664944/home/customizing/github-setup/ssh96b2a.png]
