[sites.google.com/site/wastalinux/index.html]
[backblue.gif]
[fade.gif]
[index.html]
[sites.google.com/site/wastalinux/home/wasta-1404-800.116fb5.delayed]
[sites.google.com/site/wastalinux/CSI/index.html]
[sites.google.com/site/wastalinux/_/tz.16.delayed]
[sites.google.com/site/wastalinux/index.html]
[sites.google.com/site/wastalinux/CSI/index.html]
[ssl.gstatic.com/sites/p/9fe3ff/system/app/css/codemirror_css.css]
[ssl.gstatic.com/sites/p/9fe3ff/system/app/css/trogedit.css]
[sites.google.com/site/wastalinux/_/rsrc/1418216638000/system/app/css/editor.css]
[sites.google.com/site/wastalinux/_/rsrc/1416393857915/config/customLogoc7fe.png]
[ssl.gstatic.com/sites/p/9fe3ff/system/app/css/codeeditor.css]
[sites.google.com/site/wastalinux/_/rsrc/1418216638000/system/app/css/camelot/editor-jfk.css]
[sites.google.com/site/wastalinux/wasta-applications.html]
[sites.google.com/site/wastalinux/home/customizing.html]
[sites.google.com/site/wastalinux/wasta-applications/wasta-backup.html]
[ssl.gstatic.com/sites/p/9fe3ff/system/app/themes/ski/standard-css-ski-ltr-ltr.css]
[sites.google.com/site/wastalinux/wasta-applications/wasta-resources.html]
[sites.google.com/site/wastalinux/_/rsrc/1418216638000/system/app/css/overlayf1d3.css]
[sites.google.com/site/wastalinux/wasta-applications/wasta-offline.html]
[sites.google.com/site/wastalinux/_/rsrc/1418216638000/system/app/css/camelot/allthemes-view.css]
[sites.google.com/site/wastalinux/wasta-applications/wasta-menus.html]
[sites.google.com/site/wastalinux/_/rsrc/1416329213793/home/wasta-linux-round-128.png]
[sites.google.com/site/wastalinux/home/customizing.html]
[sites.google.com/site/wastalinux/_/rsrc/1416236791661/home/wasta-1404-800.jpg]
[sites.google.com/site/wastalinux/wasta-applications.html]
[sites.google.com/site/wastalinux/why-linux.html]
[sites.google.com/site/wastalinux/home/create-bootable-usb.html]
[sites.google.com/site/wastalinux/home/virtualbox-installation.html]
[sites.google.com/site/wastalinux/wasta-applications/wasta-backup/wasta-backup-1.236fb5.delayed]
[sites.google.com/site/wastalinux/wasta-applications/wasta-backup.html]
[sites.google.com/site/wastalinux/_/rsrc/1418216638000/system/app/images/toolbar-check.gif]
[sites.google.com/site/wastalinux/system/app/pages/reportAbuse.html]
[sites.google.com/site/wastalinux/wasta-applications/wasta-offline/wasta-offline-setup.266fb5.delayed]
[sites.google.com/site/wastalinux/_/rsrc/1418216638000/system/app/images/toolbar2.gif]
[sites.google.com/site/wastalinux/wasta-applications/wasta-offline/wastaoffline-1.286fb5.delayed]
[sites.google.com/site/wastalinux/_/rsrc/1418216638000/system/app/images/command.png]
[sites.google.com/site/wastalinux/_/rsrc/1418216638000/system/app/images/formatblock-menu-icons.gif]
[sites.google.com/site/wastalinux/_/rsrc/1418216638000/system/app/images/icon-help-kennedy.png]
[sites.google.com/site/wastalinux/wasta-applications/wasta-offline/wastaoffline-2.2a6fb5.delayed]
[sites.google.com/site/wastalinux/wasta-applications/wasta-offline.html]
[sites.google.com/site/wastalinux/_/rsrc/1418216638000/system/app/images/camelot.png]
[sites.google.com/site/wastalinux/wasta-applications/wasta-resources.html]
[sites.google.com/site/wastalinux/home.html]
[sites.google.com/site/wastalinux/home/customizing/remastersys-iso.html]
[sites.google.com/site/wastalinux/home/CSI/index.html]
[sites.google.com/site/wastalinux/wasta-applications/wasta-menus/wasta-menus-1.2d6fb5.delayed]
[sites.google.com/site/wastalinux/home/customizing/launchpad-setup.html]
[sites.google.com/site/wastalinux/_/rsrc/1416391308120/config/website-background.jpg.1416391307282.jpg]
[sites.google.com/site/wastalinux/home/customizing/maintain-package.html]
[sites.google.com/site/wastalinux/_/rsrc/1417520959534/wasta-applications/wasta-backup/wasta-backup-128.png]
[sites.google.com/site/wastalinux/wasta-applications/wasta-menus/wasta-menus-2.2f6fb5.delayed]
[sites.google.com/site/wastalinux/wasta-applications/CSI/index.html]
[sites.google.com/site/wastalinux/_/rsrc/1417520959534/wasta-applications/wasta-backup/wasta-backup-1.png]
[sites.google.com/site/wastalinux/wasta-applications/wasta-menus/wasta-menus-4.316fb5.delayed]
[sites.google.com/site/wastalinux/wasta-applications/wasta-menus.html]
[sites.google.com/site/wastalinux/_/rsrc/1417521038985/wasta-applications/wasta-offline/wasta-offline-128.png]
[sites.google.com/site/wastalinux/_/rsrc/1417521038985/wasta-applications/wasta-offline/wasta-offline-setup.png]
[sites.google.com/site/wastalinux/_/rsrc/1417521038985/wasta-applications/wasta-offline/wastaoffline-1.png]
[sites.google.com/site/wastalinux/why-linux.html]
[sites.google.com/site/wastalinux/_/rsrc/1417521038985/wasta-applications/wasta-offline/wastaoffline-2.png]
[sites.google.com/site/wastalinux/_/rsrc/1417520981773/wasta-applications/wasta-resources/wasta-resources-128.png]
[sites.google.com/site/wastalinux/home/Rufus-1.336fb5.delayed]
[sites.google.com/site/wastalinux/_/rsrc/1417520967881/wasta-applications/wasta-menus/wasta-menus-187dc.jpg]
[sites.google.com/site/wastalinux/home/Rufus-2.356fb5.delayed]
[sites.google.com/site/wastalinux/_/rsrc/1417520967881/wasta-applications/wasta-menus/wasta-menus-20bfc.jpg]
[sites.google.com/site/wastalinux/_/rsrc/1417520967881/wasta-applications/wasta-menus/wasta-menus-4da4e.png]
[sites.google.com/site/wastalinux/home/wasta-linux-boot.376fb5.delayed]
[sites.google.com/site/wastalinux/home/create-bootable-usb.html]
[sites.google.com/site/wastalinux/_/rsrc/1416236218458/home/Rufus-1.jpg]
[sites.google.com/site/wastalinux/home/vb3Dsettings.396fb5.delayed]
[sites.google.com/site/wastalinux/_/rsrc/1416236243910/home/Rufus-2.jpg]
[sites.google.com/site/wastalinux/_/rsrc/1416236286746/home/wasta-linux-boot.png]
[sites.google.com/site/wastalinux/home/vb-01-800.3b6fb5.delayed]
[sites.google.com/site/wastalinux/home/vb-02-800.3d6fb5.delayed]
[sites.google.com/site/wastalinux/home/virtualbox-installation.html]
[sites.google.com/site/wastalinux/system/app/pages/reportAbuse.html]
[sites.google.com/site/wastalinux/_/tz.html]
[sites.google.com/site/wastalinux/_/rsrc/1416236431634/home/vb3Dsettings.png]
[sites.google.com/site/wastalinux/_/rsrc/1416236826678/home/vb-01-800.jpg]
[sites.google.com/site/wastalinux/_/rsrc/1416236848854/home/vb-02-800.jpg]
[sites.google.com/site/wastalinux/home/CSI/index.html]
[sites.google.com/site/wastalinux/home.html]
[sites.google.com/site/wastalinux/home/customizing/remastersys-iso.html]
[sites.google.com/site/wastalinux/home/customizing/CSI/index.html]
[sites.google.com/site/wastalinux/home/customizing/launchpad-setup/LaunchpadSetup-1.426fb5.delayed]
[sites.google.com/site/wastalinux/home/customizing/launchpad-setup/LaunchpadSetup-2.446fb5.delayed]
[sites.google.com/site/wastalinux/home/customizing/launchpad-setup.html]
[sites.google.com/site/wastalinux/home/customizing/maintain-package.html]
[sites.google.com/site/wastalinux/wasta-applications/CSI/index.html]
[sites.google.com/site/wastalinux/_/rsrc/1418216638000/system/app/css/camelot/dashboard.css]
[sites.google.com/site/wastalinux/_/rsrc/1418216638000/system/app/css/camelot/error.css]
[sites.google.com/site/wastalinux/home/customizing/CSI/index.html]
[sites.google.com/site/wastalinux/_/rsrc/1417520994744/home/customizing/launchpad-setup/LaunchpadSetup-1.png]
[sites.google.com/site/wastalinux/_/rsrc/1418216638000/system/app/images/spinner.gif]
[sites.google.com/site/wastalinux/_/rsrc/1417520994744/home/customizing/launchpad-setup/LaunchpadSetup-2.png]
