[sites.google.com/site/wastalinux/index.html]
[backblue.gif]
[fade.gif]
[index.html]
[sites.google.com/site/wastalinux/_/rsrc/1472855319625/config/customLogoc7fe.png]
[sites.google.com/site/wastalinux/home/ubuntumigration.html]
[sites.google.com/site/wastalinux/home/download.html]
[sites.google.com/site/wastalinux/home/customizing.html]
[sites.google.com/site/wastalinux/wasta-applications.html]
[sites.google.com/site/wastalinux/wasta-applications/wasta-menus.html]
[sites.google.com/site/wastalinux/wasta-applications/wasta-backup.html]
[sites.google.com/site/wastalinux/home/wasta-linux-16-04-800.126fb5.delayed]
[sites.google.com/site/wastalinux/wasta-applications/wasta-offline.html]
[sites.google.com/site/wastalinux/wasta-applications/wasta-resources.html]
[sites.google.com/site/wastalinux/why-linux.html]
[sites.google.com/site/wastalinux/_/tz.15.delayed]
[sites.google.com/site/wastalinux/index.html]
[ssl.gstatic.com/sites/p/13b70f/system/app/css/codemirror_css.css]
[ssl.gstatic.com/sites/p/13b70f/system/app/css/trogedit.css]
[sites.google.com/site/wastalinux/_/rsrc/1462110490971/home/wasta-linux-16-04-800.png]
[sites.google.com/site/wastalinux/system/app/pages/reportAbuse.html]
[sites.google.com/site/wastalinux/_/rsrc/1487840284000/system/app/images/toolbar-check.gif]
[sites.google.com/site/wastalinux/_/rsrc/1487840284000/system/app/css/editor.css]
[ssl.gstatic.com/sites/p/13b70f/system/app/css/codeeditor.css]
[ssl.gstatic.com/sites/p/13b70f/system/app/themes/ski/standard-css-ski-ltr-ltr.css]
[sites.google.com/site/wastalinux/_/rsrc/1487840284000/system/app/images/icon-help-kennedy.png]
[sites.google.com/site/wastalinux/_/rsrc/1487840284000/system/app/css/overlayf742.css]
[sites.google.com/site/wastalinux/_/rsrc/1472855324710/config/website-background.jpg.1416391307282.jpg]
[sites.google.com/site/wastalinux/_/rsrc/1487840284000/system/app/css/camelot/allthemes-view.css]
[sites.google.com/site/wastalinux/home/download.html]
[sites.google.com/site/wastalinux/_/rsrc/1487840284000/system/app/images/camelot.png]
[sites.google.com/site/wastalinux/_/rsrc/1462841141152/home/ubuntumigration/ubu-2-wasta.png]
[sites.google.com/site/wastalinux/home/ubuntumigration.html]
[sites.google.com/site/wastalinux/home/create-bootable-usb.html]
[sites.google.com/site/wastalinux/home/virtualbox-installation.html]
[sites.google.com/site/wastalinux/home.html]
[sites.google.com/site/wastalinux/home/customizing.html]
[sites.google.com/site/wastalinux/wasta-applications.html]
[sites.google.com/site/wastalinux/home/customizing/wasta-remastersys.html]
[sites.google.com/site/wastalinux/home/customizing/maintain-package.html]
[sites.google.com/site/wastalinux/_/rsrc/1472855338994/wasta-applications/wasta-backup/wasta-backup-128.png]
[sites.google.com/site/wastalinux/wasta-applications/wasta-backup/wasta-backup-16-04-700.216fb5.delayed]
[sites.google.com/site/wastalinux/wasta-applications/wasta-backup.html]
[sites.google.com/site/wastalinux/wasta-applications/wasta-menus/wasta-menus-1.246fb5.delayed]
[sites.google.com/site/wastalinux/_/rsrc/1461069051795/wasta-applications/wasta-backup/wasta-backup-16-04-700.png]
[sites.google.com/site/wastalinux/_/rsrc/1462107701763/wasta-applications/wasta-menus/wasta-menus-128.png]
[sites.google.com/site/wastalinux/wasta-applications/wasta-menus/wasta-menus2.266fb5.delayed]
[sites.google.com/site/wastalinux/wasta-applications/wasta-menus.html]
[sites.google.com/site/wastalinux/_/rsrc/1462107167558/wasta-applications/wasta-menus/wasta-menus-1ce9f.png]
[sites.google.com/site/wastalinux/_/rsrc/1472855338498/wasta-applications/wasta-offline/wasta-offline-128.png]
[sites.google.com/site/wastalinux/_/rsrc/1462107195286/wasta-applications/wasta-menus/wasta-menus2aa87.png]
[sites.google.com/site/wastalinux/wasta-applications/wasta-offline/wasta-offline-setup-16-04.296fb5.delayed]
[sites.google.com/site/wastalinux/wasta-applications/wasta-offline/wasta-offline-16-04.2b6fb5.delayed]
[sites.google.com/site/wastalinux/_/rsrc/1461070222202/wasta-applications/wasta-offline/wasta-offline-setup-16-04beb8.png]
[sites.google.com/site/wastalinux/wasta-applications/wasta-offline/wasta-offline-ready-16-04.2d6fb5.delayed]
[sites.google.com/site/wastalinux/wasta-applications/wasta-offline.html]
[sites.google.com/site/wastalinux/_/rsrc/1461070033184/wasta-applications/wasta-offline/wasta-offline-16-0437cb.png]
[sites.google.com/site/wastalinux/_/rsrc/1461070087656/wasta-applications/wasta-offline/wasta-offline-ready-16-047739.png]
[sites.google.com/site/wastalinux/wasta-applications/wasta-resources.html]
[sites.google.com/site/wastalinux/why-linux.html]
[sites.google.com/site/wastalinux/_/rsrc/1472855337346/wasta-applications/wasta-resources/wasta-resources-128.png]
[sites.google.com/site/wastalinux/_/rsrc/1472855323733/home/wasta-linux-round-128.png]
[sites.google.com/site/wastalinux/home/customizing/launchpad-setup.html]
[sites.google.com/site/wastalinux/system/app/pages/reportAbuse.html]
[sites.google.com/site/wastalinux/_/tz.html]
[sites.google.com/site/wastalinux/home.html]
[sites.google.com/site/wastalinux/home/Rufus-1.346fb5.delayed]
[sites.google.com/site/wastalinux/_/rsrc/1472855319526/home/Rufus-1.jpg]
[sites.google.com/site/wastalinux/home/Rufus-2.366fb5.delayed]
[sites.google.com/site/wastalinux/_/rsrc/1472855319922/home/Rufus-2.jpg]
[sites.google.com/site/wastalinux/home/wasta-linux-boot.386fb5.delayed]
[sites.google.com/site/wastalinux/home/create-bootable-usb.html]
[sites.google.com/site/wastalinux/_/rsrc/1472855322803/home/wasta-linux-boot.png]
[sites.google.com/site/wastalinux/home/vb3Dsettings.3a6fb5.delayed]
[sites.google.com/site/wastalinux/home/virtualbox-installation.html]
[sites.google.com/site/wastalinux/home/customizing/wasta-remastersys.html]
[sites.google.com/site/wastalinux/_/rsrc/1472855323911/home/vb3Dsettings.png]
[sites.google.com/site/wastalinux/home/customizing/maintain-package/ssh11.3d6fb5.delayed]
[sites.google.com/site/wastalinux/home/customizing/github-setup.html]
[sites.google.com/site/wastalinux/home/customizing/maintain-package.html]
[sites.google.com/site/wastalinux/_/rsrc/1472855339482/home/customizing/maintain-package/ssh1160ac.png]
[sites.google.com/site/wastalinux/home/customizing/launchpad-setup/ubuntu-keyserver.3f6fb5.delayed]
[sites.google.com/site/wastalinux/_/rsrc/1472855337592/home/customizing/launchpad-setup/ubuntu-keyserver.png]
[sites.google.com/site/wastalinux/home/customizing/launchpad-setup/LaunchpadSetup-1.416fb5.delayed]
[sites.google.com/site/wastalinux/_/rsrc/1472855339503/home/customizing/launchpad-setup/LaunchpadSetup-1.png]
[sites.google.com/site/wastalinux/home/customizing/launchpad-setup/LaunchpadSetup-2.436fb5.delayed]
[sites.google.com/site/wastalinux/home/customizing/launchpad-setup.html]
[sites.google.com/site/wastalinux/_/rsrc/1472855338484/home/customizing/launchpad-setup/LaunchpadSetup-2.png]
[sites.google.com/site/wastalinux/_/rsrc/1487840284000/system/app/css/camelot/dashboard.css]
[sites.google.com/site/wastalinux/_/rsrc/1487840284000/system/app/css/camelot/error.css]
[sites.google.com/site/wastalinux/_/rsrc/1487840284000/system/app/images/spinner.gif]
[sites.google.com/site/wastalinux/home/customizing/github-setup/ssh1.466fb5.delayed]
[sites.google.com/site/wastalinux/_/rsrc/1472855337308/home/customizing/github-setup/ssh12352.png]
[sites.google.com/site/wastalinux/home/customizing/github-setup/ssh2.486fb5.delayed]
[sites.google.com/site/wastalinux/_/rsrc/1472855337150/home/customizing/github-setup/ssh23ab2.png]
[sites.google.com/site/wastalinux/home/customizing/github-setup/ssh4.4a6fb5.delayed]
[sites.google.com/site/wastalinux/_/rsrc/1472855338768/home/customizing/github-setup/ssh4c493.png]
[sites.google.com/site/wastalinux/home/customizing/github-setup/ssh5.4c6fb5.delayed]
[sites.google.com/site/wastalinux/_/rsrc/1472855340701/home/customizing/github-setup/ssh542f7.png]
[sites.google.com/site/wastalinux/home/customizing/github-setup/ssh7.4e6fb5.delayed]
[sites.google.com/site/wastalinux/_/rsrc/1472855337992/home/customizing/github-setup/ssh77601.png]
[sites.google.com/site/wastalinux/home/customizing/github-setup/ssh3.506fb5.delayed]
[sites.google.com/site/wastalinux/_/rsrc/1472855339387/home/customizing/github-setup/ssh34751.png]
[sites.google.com/site/wastalinux/home/customizing/github-setup/ssh8.526fb5.delayed]
[sites.google.com/site/wastalinux/_/rsrc/1472855336983/home/customizing/github-setup/ssh8fc24.png]
[sites.google.com/site/wastalinux/home/customizing/github-setup/ssh9.546fb5.delayed]
[sites.google.com/site/wastalinux/home/customizing/github-setup.html]
[sites.google.com/site/wastalinux/_/rsrc/1472855337439/home/customizing/github-setup/ssh96b2a.png]
