[www.wastalinux.org/index.html]
[backblue.gif]
[fade.gif]
[index.html]
[www.wastalinux.org/search.min.769b5a155d9478b50c32daadbdf616a80a38ec9e5db9854301794538c03428b0.js]
[www.wastalinux.org/index.html]
[www.wastalinux.org/index.xml]
[www.wastalinux.org/book.min.17ae4652bd42389d5b51ecea8de95e9867d6aa91aa6c938402769269b484ca28.css]
[www.wastalinux.org/home/download/index.html]
[www.wastalinux.org/home/faq/index.html]
[www.wastalinux.org/favicon.png]
[www.wastalinux.org/home/ubuntu-migration/index.html]
[www.wastalinux.org/home/customizing/index.html]
[www.wastalinux.org/img/site-logo-64.png]
[www.wastalinux.org/wasta-apps/index.html]
[www.wastalinux.org/wasta-apps/wasta-backup/index.html]
[www.wastalinux.org/wasta-apps/wasta-menus/index.html]
[www.wastalinux.org/wasta-apps/cinnamon-layout/index.html]
[www.wastalinux.org/home/faq/index.html]
[www.wastalinux.org/wasta-apps/wasta-offline/index.html]
[www.wastalinux.org/tutorials/index.html]
[www.wastalinux.org/home/why-linux/index.html]
[www.wastalinux.org/wasta-apps/wasta-resources/index.html]
[www.wastalinux.org/home/download/index.html]
[www.wastalinux.org/img/site-logo-32.png]
[www.wastalinux.org/img/wasta-linux-round-128.png]
[www.wastalinux.org/home/ubuntu-migration/index.html]
[www.wastalinux.org/img/index/Wasta-18-04-Screenshot-800.png]
[www.wastalinux.org/home/customizing/index.html]
[www.wastalinux.org/tutorials/create-bootable-usb/index.html]
[www.wastalinux.org/wasta-apps/index.html]
[www.wastalinux.org/tutorials/kiwix/index.html]
[www.wastalinux.org/tutorials/expand-usb-image/index.html]
[www.wastalinux.org/wasta-apps/wasta-backup/index.html]
[www.wastalinux.org/tutorials/virtualbox-install/index.html]
[www.wastalinux.org/wasta-apps/wasta-offline/index.html]
[www.wastalinux.org/tutorials/inplace-upgrade/index.html]
[www.wastalinux.org/wasta-apps/cinnamon-layout/index.html]
[www.wastalinux.org/tutorials/usb-install/index.html]
[www.wastalinux.org/home/customizing/maintain-package/index.html]
[www.wastalinux.org/wasta-apps/wasta-menus/index.html]
[www.wastalinux.org/img/wasta-apps/wasta-backup/wasta-backup.png]
[www.wastalinux.org/wasta-apps/wasta-resources/index.html]
[www.wastalinux.org/home/customizing/wasta-remastersys/index.html]
[www.wastalinux.org/img/home/ubuntu-migration/ubu-2-wasta.png]
[www.wastalinux.org/tutorials/index.html]
[www.wastalinux.org/img/wasta-apps/wasta-backup/wasta-backup-128.png]
[www.wastalinux.org/home/why-linux/index.html]
[www.wastalinux.org/img/wasta-apps/wasta-offline/wasta-offline-128.png]
[www.wastalinux.org/svg/menu.svg]
[www.wastalinux.org/img/wasta-apps/wasta-offline/wasta-offline-setup.png]
[www.wastalinux.org/img/wasta-apps/wasta-offline/wasta-offline.png]
[www.wastalinux.org/tutorials/kiwix/index.html]
[www.wastalinux.org/img/wasta-apps/wasta-offline/wasta-offline-ready.png]
[www.wastalinux.org/tutorials/expand-usb-image/index.html]
[www.wastalinux.org/img/wasta-apps/cinnamon-layout/cinnamon-layout-128.png]
[www.wastalinux.org/tutorials/create-bootable-usb/index.html]
[www.wastalinux.org/img/wasta-apps/cinnamon-layout/cinnamon-layout-dialog.png]
[www.wastalinux.org/img/wasta-apps/cinnamon-layout/cinnamon-layout-default.png]
[www.wastalinux.org/tutorials/inplace-upgrade/index.html]
[www.wastalinux.org/img/wasta-apps/cinnamon-layout/cinnamon-layout-default-hover.png]
[www.wastalinux.org/tutorials/virtualbox-install/index.html]
[www.wastalinux.org/img/wasta-apps/cinnamon-layout/cinnamon-layout-redmond7.png]
[www.wastalinux.org/tutorials/usb-install/index.html]
[www.wastalinux.org/img/wasta-apps/cinnamon-layout/cinnamon-layout-redmond7-hover.png]
[www.wastalinux.org/img/wasta-apps/cinnamon-layout/cinnamon-layout-cupertino.png]
[www.wastalinux.org/home/customizing/wasta-remastersys/index.html]
[www.wastalinux.org/img/wasta-apps/cinnamon-layout/cinnamon-layout-unity.png]
[www.wastalinux.org/home/customizing/maintain-package/index.html]
[www.wastalinux.org/img/wasta-apps/cinnamon-layout/cinnamon-layout-widescreen.png]
[www.wastalinux.org/img/wasta-apps/cinnamon-layout/cinnamon-layout-widescreen-collapsed.png]
[www.wastalinux.org/img/wasta-apps/cinnamon-layout/cinnamon-layout-widescreen-expanded.png]
[www.wastalinux.org/img/wasta-apps/wasta-menus/wasta-menus-128.png]
[www.wastalinux.org/img/wasta-apps/wasta-menus/wasta-menus-1.png]
[www.wastalinux.org/img/wasta-apps/wasta-menus/wasta-menus-2.png]
[www.wastalinux.org/img/wasta-apps/wasta-resources/wasta-resources-128.png]
[www.wastalinux.org/tutorials/tutorial-guidelines/index.html]
[www.wastalinux.org/tutorials/language-worker/index.html]
[www.wastalinux.org/tutorials/tutorial-guidelines/index.html]
[www.wastalinux.org/tutorials/advisor/index.html]
[www.wastalinux.org/tutorials/technician/index.html]
[www.wastalinux.org/tutorials/language-worker/index.html]
[www.wastalinux.org/img/home/why-linux/NewLanguageWorkerTraining.jpg]
[www.wastalinux.org/tutorials/advisor/index.html]
[www.wastalinux.org/img/home/why-linux/NewTranslatorTraining.jpg]
[www.wastalinux.org/tutorials/technician/index.html]
[www.wastalinux.org/img/home/why-linux/LaptopRepair.jpg]
[www.wastalinux.org/img/home/why-linux/BloomTraining.jpg]
[www.wastalinux.org/img/home/why-linux/Haboob.jpg]
[www.wastalinux.org/img/home/why-linux/WastaTeam.jpg]
[www.wastalinux.org/img/home/why-linux/Fatuur.jpg]
[www.wastalinux.org/img/home/why-linux/TooManyToolbars.png]
[www.wastalinux.org/img/home/why-linux/Injera.jpg]
[www.wastalinux.org/img/home/why-linux/A6.jpg]
[www.wastalinux.org/img/home/why-linux/RuralHome.jpg]
[www.wastalinux.org/img/tutorials/kiwix/Kiwix.png]
[www.wastalinux.org/img/tutorials/kiwix/Kiwix-Main.png]
[www.wastalinux.org/img/tutorials/kiwix/Kiwix-Bookmarks.png]
[www.wastalinux.org/img/tutorials/kiwix/Kiwix-Categories.png]
[www.wastalinux.org/img/tutorials/expand-usb-image/extract-here.png]
[www.wastalinux.org/img/tutorials/expand-usb-image/identify-drive.png]
[www.wastalinux.org/img/tutorials/expand-usb-image/disks.png]
[www.wastalinux.org/img/tutorials/expand-usb-image/account-details.png]
[www.wastalinux.org/img/tutorials/expand-usb-image/partition-identifier.png]
[www.wastalinux.org/img/tutorials/create-bootable-usb/Rufus-1.jpg]
[www.wastalinux.org/img/tutorials/create-bootable-usb/Rufus-2.jpg]
[www.wastalinux.org/img/tutorials/create-bootable-usb/wasta-linux-boot.png]
[www.wastalinux.org/img/tutorials/inplace-upgrade/InPlace-1.png]
[www.wastalinux.org/img/tutorials/inplace-upgrade/InPlace-2.png]
[www.wastalinux.org/img/tutorials/inplace-upgrade/InPlace-3.png]
[www.wastalinux.org/img/tutorials/inplace-upgrade/InPlace-4.png]
[www.wastalinux.org/img/tutorials/inplace-upgrade/InPlace-5.png]
[www.wastalinux.org/img/tutorials/virtualbox-install/vb-3d-settings.png]
[www.wastalinux.org/img/tutorials/usb-install/EraseInstall.png]
[www.wastalinux.org/img/tutorials/usb-install/SecurityKey.png]
[www.wastalinux.org/img/tutorials/usb-install/FinalPartitions.png]
[www.wastalinux.org/home/customizing/github-setup/index.html]
[www.wastalinux.org/img/tutorials/usb-install/MountUSB.png]
[www.wastalinux.org/img/tutorials/tutorial-guidelines/shutter-main.png]
[www.wastalinux.org/home/customizing/github-setup/index.html]
[www.wastalinux.org/home/customizing/launchpad-setup/index.html]
[www.wastalinux.org/home/customizing/launchpad-setup/index.html]
[www.wastalinux.org/img/tutorials/tutorial-guidelines/shutter-edit.png]
[www.wastalinux.org/img/tutorials/tutorial-guidelines/shutter-plugin.png]
[www.wastalinux.org/img/tutorials/tutorial-guidelines/shutter-shadow.png]
[www.wastalinux.org/img/tutorials/tutorial-guidelines/shutter-shadow-save.png]
[www.wastalinux.org/img/tutorials/tutorial-guidelines/shutter-shadow-end.png]
[www.wastalinux.org/img/tutorials/language-worker/Usb Mem Stick 600.jpg]
[www.wastalinux.org/img/tutorials/language-worker/Wasta Backup1 Circle.png]
[www.wastalinux.org/img/tutorials/tutorial-guidelines/shutter-lo-shadow.png]
[www.wastalinux.org/img/tutorials/language-worker/Wasta Backup2 Circle.png]
[www.wastalinux.org/img/tutorials/language-worker/Wasta Backup3 Arrow.png]
[www.wastalinux.org/img/tutorials/language-worker/Files Launcher In Panel.gif]
[www.wastalinux.org/img/tutorials/language-worker/File Manager Main Window.gif]
[www.wastalinux.org/img/tutorials/language-worker/Home Folder.gif]
[www.wastalinux.org/img/tutorials/language-worker/Adapt It Unicode Work Folder.gif]
[www.wastalinux.org/img/tutorials/language-worker/Default Folders.gif]
[www.wastalinux.org/img/tutorials/language-worker/ParatextProjects Folder.gif]
[www.wastalinux.org/img/tutorials/language-worker/Folder Open List Arrow.gif]
[www.wastalinux.org/img/tutorials/language-worker/Child Folders Embedded With Picture File.gif]
[www.wastalinux.org/img/tutorials/language-worker/Folder Path And Nav Buttons.gif]
[www.wastalinux.org/img/tutorials/language-worker/Back To Prev Visited Location Arrow.gif]
[www.wastalinux.org/img/tutorials/language-worker/Go To Next Visited Location Arrow.gif]
[www.wastalinux.org/img/tutorials/language-worker/Go To Parent Folder Arrow.gif]
[www.wastalinux.org/img/tutorials/language-worker/Reload The Current Location Button.gif]
[www.wastalinux.org/img/tutorials/language-worker/Go To Home Directory.gif]
[www.wastalinux.org/img/tutorials/language-worker/Go To Computer.gif]
[www.wastalinux.org/img/tutorials/language-worker/Show More Of The Path To The Left.gif]
[www.wastalinux.org/img/tutorials/language-worker/Show More Of The Path To The Right.gif]
[www.wastalinux.org/img/tutorials/language-worker/View Location Bar Toggle Button.gif]
[www.wastalinux.org/img/tutorials/language-worker/Search Documents And Folders By Name Icon.gif]
[www.wastalinux.org/img/tutorials/language-worker/Icon View Icon.gif]
[www.wastalinux.org/img/tutorials/language-worker/List View Icon.gif]
[www.wastalinux.org/img/tutorials/language-worker/Compact View Icon.gif]
[www.wastalinux.org/img/tutorials/language-worker/Name Size Type Date Modified Bar.gif]
[www.wastalinux.org/img/tutorials/language-worker/Status Bar File Browser.gif]
[www.wastalinux.org/img/tutorials/language-worker/Status Bar Show Places Icon.gif]
[www.wastalinux.org/img/tutorials/language-worker/Status Bar Show Tree View Icon.gif]
[www.wastalinux.org/img/tutorials/language-worker/Status Bar Hide The Side Bar Icon.gif]
[www.wastalinux.org/img/tutorials/language-worker/Status Bar Show The Side Bar Icon.gif]
[www.wastalinux.org/img/tutorials/language-worker/Status Bar Zoom Slider.gif]
[www.wastalinux.org/img/tutorials/language-worker/File Browser Help About Dialog.gif]
[www.wastalinux.org/img/home/customizing/github-setup/ssh1.png]
[www.wastalinux.org/img/home/customizing/github-setup/ssh2.png]
[www.wastalinux.org/img/home/customizing/github-setup/ssh3.png]
[www.wastalinux.org/img/home/customizing/github-setup/ssh4.png]
[www.wastalinux.org/img/home/customizing/github-setup/ssh5.png]
[www.wastalinux.org/img/home/customizing/github-setup/ssh6.png]
[www.wastalinux.org/img/home/customizing/github-setup/ssh7.png]
[www.wastalinux.org/img/home/customizing/github-setup/ssh8.png]
