[www.wastalinux.org/index.html]
[backblue.gif]
[fade.gif]
[index.html]
[www.wastalinux.org/search.min.c5db3cb65423fb36985e4f6524996c886fbb096d98fdf834ba0d56cf06e6e252.js]
[www.wastalinux.org/favicon.png]
[www.wastalinux.org/index.xml]
[www.wastalinux.org/img/site-logo-64.png]
[www.wastalinux.org/home/faq/index.html]
[www.wastalinux.org/home/download/index.html]
[www.wastalinux.org/home/ubuntu-migration/index.html]
[www.wastalinux.org/home/customizing/index.html]
[www.wastalinux.org/wasta-apps/index.html]
[www.wastalinux.org/wasta-apps/wasta-backup/index.html]
[www.wastalinux.org/wasta-apps/wasta-offline/index.html]
[www.wastalinux.org/wasta-apps/wasta-snap-manager/index.html]
[www.wastalinux.org/wasta-apps/cinnamon-layout/index.html]
[www.wastalinux.org/wasta-apps/wasta-menus/index.html]
[www.wastalinux.org/tutorials/index.html]
[www.wastalinux.org/wasta-apps/wasta-resources/index.html]
[www.wastalinux.org/media/wasta-linux-round-128.png]
[www.wastalinux.org/media/index/wasta-linux-800.png]
[www.wastalinux.org/index.html]
[www.wastalinux.org/img/site-logo-32.png]
[www.wastalinux.org/home/why-linux/index.html]
[www.wastalinux.org/book.min.12687d6b2f9c17ec42179e86623848c3091e7f3962c936ff8555e2e41a1a9815.css]
[www.wastalinux.org/home/faq/index.html]
[www.wastalinux.org/tutorials/kiwix/index.html]
[www.wastalinux.org/tutorials/expand-usb-image/index.html]
[www.wastalinux.org/tutorials/create-bootable-usb/index.html]
[www.wastalinux.org/tutorials/inplace-upgrade/index.html]
[www.wastalinux.org/home/download/index.html]
[www.wastalinux.org/tutorials/virtualbox-install/index.html]
[www.wastalinux.org/tutorials/usb-install/index.html]
[www.wastalinux.org/home/ubuntu-migration/index.html]
[www.wastalinux.org/media/home/ubuntu-migration/ubu-2-wasta.png]
[www.wastalinux.org/home/customizing/wasta-remastersys/index.html]
[www.wastalinux.org/home/customizing/index.html]
[www.wastalinux.org/home/customizing/maintain-package/index.html]
[www.wastalinux.org/wasta-apps/index.xml]
[www.wastalinux.org/wasta-apps/index.html]
[www.wastalinux.org/media/wasta-apps/wasta-backup/wasta-backup-128.png]
[www.wastalinux.org/media/wasta-apps/wasta-backup/wasta-backup.png]
[www.wastalinux.org/wasta-apps/wasta-backup/index.html]
[www.wastalinux.org/media/wasta-apps/wasta-offline/wasta-offline-128.png]
[www.wastalinux.org/media/wasta-apps/wasta-offline/wasta-offline-setup.png]
[www.wastalinux.org/media/wasta-apps/wasta-offline/wasta-offline.png]
[www.wastalinux.org/media/wasta-apps/wasta-offline/wasta-offline-ready.png]
[www.wastalinux.org/wasta-apps/wasta-offline/index.html]
[www.wastalinux.org/media/wasta-apps/cinnamon-layout/cinnamon-layout-128.png]
[www.wastalinux.org/media/wasta-apps/cinnamon-layout/cinnamon-layout-dialog.png]
[www.wastalinux.org/media/wasta-apps/cinnamon-layout/cinnamon-layout-redmond7.png]
[www.wastalinux.org/media/wasta-apps/cinnamon-layout/cinnamon-layout-redmond7-hover.png]
[www.wastalinux.org/media/wasta-apps/cinnamon-layout/cinnamon-layout-widescreen.png]
[www.wastalinux.org/media/wasta-apps/cinnamon-layout/cinnamon-layout-widescreen-collapsed.png]
[www.wastalinux.org/media/wasta-apps/cinnamon-layout/cinnamon-layout-widescreen-expanded.png]
[www.wastalinux.org/media/wasta-apps/cinnamon-layout/cinnamon-layout-cupertino.png]
[www.wastalinux.org/media/wasta-apps/cinnamon-layout/cinnamon-layout-unity.png]
[www.wastalinux.org/media/wasta-apps/cinnamon-layout/cinnamon-layout-traditional.png]
[www.wastalinux.org/media/wasta-apps/cinnamon-layout/cinnamon-layout-traditional-hover.png]
[www.wastalinux.org/wasta-apps/cinnamon-layout/index.html]
[www.wastalinux.org/media/wasta-apps/cinnamon-layout/cinnamon-layout-gnome2.png]
[www.wastalinux.org/media/wasta-apps/wasta-snap-manager/wasta-snap-manager-dark-128.png]
[www.wastalinux.org/media/wasta-apps/wasta-snap-manager/snap-settings.75.png]
[www.wastalinux.org/media/wasta-apps/wasta-snap-manager/wasta-snap-manager--installed.75.png]
[www.wastalinux.org/wasta-apps/wasta-snap-manager/index.html]
[www.wastalinux.org/media/wasta-apps/wasta-snap-manager/wasta-snap-manager--available.75.png]
[www.wastalinux.org/media/wasta-apps/wasta-menus/wasta-menus-128.png]
[www.wastalinux.org/media/wasta-apps/wasta-menus/wasta-menus-1.png]
[www.wastalinux.org/wasta-apps/wasta-menus/index.html]
[www.wastalinux.org/media/wasta-apps/wasta-menus/wasta-menus-2.png]
[www.wastalinux.org/wasta-apps/wasta-resources/index.html]
[www.wastalinux.org/media/wasta-apps/wasta-resources/wasta-resources-128.png]
[www.wastalinux.org/tutorials/index.html]
[www.wastalinux.org/tutorials/index.xml]
[www.wastalinux.org/media/home/why-linux/NewLanguageWorkerTraining.jpg]
[www.wastalinux.org/tutorials/tutorial-guidelines/index.html]
[www.wastalinux.org/tutorials/language-worker/index.html]
[www.wastalinux.org/tutorials/advisor/index.html]
[www.wastalinux.org/media/home/why-linux/NewTranslatorTraining.jpg]
[www.wastalinux.org/tutorials/technician/index.html]
[www.wastalinux.org/media/home/why-linux/LaptopRepair.jpg]
[www.wastalinux.org/media/home/why-linux/BloomTraining.jpg]
[www.wastalinux.org/media/home/why-linux/Haboob.jpg]
[www.wastalinux.org/media/home/why-linux/WastaTeam.jpg]
[www.wastalinux.org/media/home/why-linux/Fatuur.jpg]
[www.wastalinux.org/media/home/why-linux/TooManyToolbars.png]
[www.wastalinux.org/media/home/why-linux/Injera.jpg]
[www.wastalinux.org/media/home/why-linux/A6.jpg]
[www.wastalinux.org/home/why-linux/index.html]
[www.wastalinux.org/svg/menu.svg]
[www.wastalinux.org/media/home/why-linux/RuralHome.jpg]
[www.wastalinux.org/media/tutorials/kiwix/Kiwix.png]
[www.wastalinux.org/media/tutorials/kiwix/Kiwix-Main.png]
[www.wastalinux.org/media/tutorials/kiwix/Kiwix-Categories.png]
[www.wastalinux.org/tutorials/kiwix/index.html]
[www.wastalinux.org/media/tutorials/kiwix/Kiwix-Bookmarks.png]
[www.wastalinux.org/media/tutorials/expand-usb-image/identify-drive.png]
[www.wastalinux.org/media/tutorials/expand-usb-image/disks.png]
[www.wastalinux.org/tutorials/expand-usb-image/index.html]
[www.wastalinux.org/media/tutorials/expand-usb-image/partition-identifier.png]
[www.wastalinux.org/media/tutorials/create-bootable-usb/Rufus-2.jpg]
[www.wastalinux.org/tutorials/create-bootable-usb/index.html]
[www.wastalinux.org/media/tutorials/create-bootable-usb/wasta-linux-boot.png]
[www.wastalinux.org/media/tutorials/inplace-upgrade/InPlace-1.png]
[www.wastalinux.org/media/tutorials/inplace-upgrade/InPlace-2.png]
[www.wastalinux.org/media/tutorials/inplace-upgrade/InPlace-3.png]
[www.wastalinux.org/media/tutorials/inplace-upgrade/InPlace-4.png]
[www.wastalinux.org/tutorials/inplace-upgrade/index.html]
[www.wastalinux.org/media/tutorials/inplace-upgrade/InPlace-5.png]
[www.wastalinux.org/media/tutorials/virtualbox-install/vb-3d-settings.png]
[www.wastalinux.org/tutorials/virtualbox-install/index.html]
[www.wastalinux.org/media/tutorials/usb-install/EraseInstall.png]
[www.wastalinux.org/media/tutorials/usb-install/SecurityKey.png]
[www.wastalinux.org/media/tutorials/usb-install/FinalPartitions.png]
[www.wastalinux.org/tutorials/usb-install/index.html]
[www.wastalinux.org/home/customizing/wasta-remastersys/index.html]
[www.wastalinux.org/media/tutorials/usb-install/MountUSB.png]
[www.wastalinux.org/home/customizing/github-setup/index.html]
[www.wastalinux.org/home/customizing/maintain-package/index.html]
[www.wastalinux.org/media/tutorials/tutorial-guidelines/shutter-main.png]
[www.wastalinux.org/home/customizing/launchpad-setup/index.html]
[www.wastalinux.org/media/tutorials/tutorial-guidelines/shutter-edit.png]
[www.wastalinux.org/media/tutorials/tutorial-guidelines/shutter-plugin.png]
[www.wastalinux.org/media/tutorials/tutorial-guidelines/shutter-shadow.png]
[www.wastalinux.org/media/tutorials/tutorial-guidelines/shutter-shadow-save.png]
[www.wastalinux.org/media/tutorials/tutorial-guidelines/shutter-shadow-end.png]
[www.wastalinux.org/media/tutorials/tutorial-guidelines/shutter-lo-shadow.png]
[www.wastalinux.org/tutorials/tutorial-guidelines/index.html]
[www.wastalinux.org/media/tutorials/language-worker/UsbMemStick600.jpg]
[www.wastalinux.org/media/tutorials/language-worker/WastaBackup1Circle.png]
[www.wastalinux.org/media/tutorials/language-worker/WastaBackup2Circle.png]
[www.wastalinux.org/media/tutorials/language-worker/WastaBackup3Arrow.png]
[www.wastalinux.org/media/tutorials/language-worker/FilesLauncherInPanel.gif]
[www.wastalinux.org/media/tutorials/language-worker/FileManagerMainWindow.gif]
[www.wastalinux.org/media/tutorials/language-worker/HomeFolder.gif]
[www.wastalinux.org/media/tutorials/language-worker/DefaultFolders.gif]
[www.wastalinux.org/media/tutorials/language-worker/AdaptItUnicodeWorkFolder.gif]
[www.wastalinux.org/media/tutorials/language-worker/ParatextProjectsFolder.gif]
[www.wastalinux.org/media/tutorials/language-worker/FolderOpenListArrow.gif]
[www.wastalinux.org/media/tutorials/language-worker/ChildFoldersEmbeddedWithPictureFile.gif]
[www.wastalinux.org/media/tutorials/language-worker/FolderPathAndNavButtons.gif]
[www.wastalinux.org/media/tutorials/language-worker/BackToPrevVisitedLocationArrow.gif]
[www.wastalinux.org/media/tutorials/language-worker/GoToNextVisitedLocationArrow.gif]
[www.wastalinux.org/media/tutorials/language-worker/GoToParentFolderArrow.gif]
[www.wastalinux.org/media/tutorials/language-worker/ReloadTheCurrentLocationButton.gif]
[www.wastalinux.org/media/tutorials/language-worker/GoToHomeDirectory.gif]
[www.wastalinux.org/media/tutorials/language-worker/GoToComputer.gif]
[www.wastalinux.org/media/tutorials/language-worker/ShowMoreOfThePathToTheLeft.gif]
[www.wastalinux.org/media/tutorials/language-worker/ShowMoreOfThePathToTheRight.gif]
[www.wastalinux.org/media/tutorials/language-worker/ViewLocationBarToggleButton.gif]
[www.wastalinux.org/media/tutorials/language-worker/SearchDocumentsAndFoldersByNameIcon.gif]
[www.wastalinux.org/media/tutorials/language-worker/IconViewIcon.gif]
[www.wastalinux.org/media/tutorials/language-worker/ListViewIcon.gif]
[www.wastalinux.org/media/tutorials/language-worker/CompactViewIcon.gif]
[www.wastalinux.org/media/tutorials/language-worker/NameSizeTypeDateModifiedBar.gif]
[www.wastalinux.org/media/tutorials/language-worker/StatusBarFileBrowser.gif]
[www.wastalinux.org/media/tutorials/language-worker/StatusBarShowPlacesIcon.gif]
[www.wastalinux.org/media/tutorials/language-worker/StatusBarShowTreeViewIcon.gif]
[www.wastalinux.org/media/tutorials/language-worker/StatusBarHideTheSideBarIcon.gif]
[www.wastalinux.org/media/tutorials/language-worker/StatusBarShowTheSideBarIcon.gif]
[www.wastalinux.org/media/tutorials/language-worker/StatusBarZoomSlider.gif]
[www.wastalinux.org/media/tutorials/language-worker/FileBrowserHelpAboutDialog.gif]
[www.wastalinux.org/tutorials/language-worker/index.html]
[www.wastalinux.org/tutorials/advisor/index.html]
[www.wastalinux.org/tutorials/technician/index.html]
[www.wastalinux.org/media/tutorials/expand-usb-image/extract-here.html]
[www.wastalinux.org/media/tutorials/expand-usb-image/account-details.html]
[www.wastalinux.org/media/tutorials/create-bootable-usb/Rufus-1.html]
[www.wastalinux.org/media/home/customizing/github-setup/ssh1.png]
[www.wastalinux.org/media/home/customizing/github-setup/ssh2.png]
[www.wastalinux.org/media/home/customizing/github-setup/ssh3.png]
[www.wastalinux.org/media/home/customizing/github-setup/ssh4.png]
[www.wastalinux.org/media/home/customizing/github-setup/ssh5.png]
[www.wastalinux.org/media/home/customizing/github-setup/ssh6.png]
[www.wastalinux.org/media/home/customizing/github-setup/ssh7.png]
[www.wastalinux.org/home/customizing/github-setup/index.html]
[www.wastalinux.org/home/customizing/launchpad-setup/index.html]
[www.wastalinux.org/media/home/customizing/github-setup/ssh8.png]
